Component: ARM Compiler 5.06 update 6 (build 750) Tool: armlink [4d35ed]

==============================================================================

Section Cross References

    startup_stm32f429_439xx.o(STACK) refers (Special) to heapauxi.o(.text) for __use_two_region_memory
    startup_stm32f429_439xx.o(HEAP) refers (Special) to heapauxi.o(.text) for __use_two_region_memory
    startup_stm32f429_439xx.o(RESET) refers (Special) to heapauxi.o(.text) for __use_two_region_memory
    startup_stm32f429_439xx.o(RESET) refers to startup_stm32f429_439xx.o(STACK) for __initial_sp
    startup_stm32f429_439xx.o(RESET) refers to startup_stm32f429_439xx.o(.text) for Reset_Handler
    startup_stm32f429_439xx.o(RESET) refers to stm32f4xx_it.o(.text) for NMI_Handler
    startup_stm32f429_439xx.o(RESET) refers to tm_stm32f4_dma.o(.text) for DMA1_Stream0_IRQHandler
    startup_stm32f429_439xx.o(.text) refers (Special) to heapauxi.o(.text) for __use_two_region_memory
    startup_stm32f429_439xx.o(.text) refers to system_stm32f4xx.o(.text) for SystemInit
    startup_stm32f429_439xx.o(.text) refers to __main.o(!!!main) for __main
    startup_stm32f429_439xx.o(.text) refers to startup_stm32f429_439xx.o(HEAP) for Heap_Mem
    startup_stm32f429_439xx.o(.text) refers to startup_stm32f429_439xx.o(STACK) for Stack_Mem
    stm32f4xx_rcc.o(.text) refers to stm32f4xx_rcc.o(.data) for .data
    stm32f4xx_gpio.o(.text) refers to stm32f4xx_rcc.o(.text) for RCC_AHB1PeriphResetCmd
    stm32f4xx_spi.o(.text) refers to stm32f4xx_rcc.o(.text) for RCC_APB1PeriphResetCmd
    stm32f4xx_ltdc.o(.text) refers to stm32f4xx_rcc.o(.text) for RCC_APB2PeriphResetCmd
    stm32f4xx_fmc.o(.text) refers to stm32f4xx_fmc.o(.constdata) for .constdata
    stm32f4xx_dma2d.o(.text) refers to stm32f4xx_rcc.o(.text) for RCC_AHB1PeriphResetCmd
    stm32f4xx_rng.o(.text) refers to stm32f4xx_rcc.o(.text) for RCC_AHB2PeriphResetCmd
    stm32f4xx_i2c.o(.text) refers to stm32f4xx_rcc.o(.text) for RCC_APB1PeriphResetCmd
    tm_stm32f4_delay.o(.text) refers to h1_alloc.o(.text) for malloc
    tm_stm32f4_delay.o(.text) refers to h1_free.o(.text) for free
    tm_stm32f4_delay.o(.text) refers to tm_stm32f4_delay.o(.data) for .data
    tm_stm32f4_delay.o(.text) refers to tm_stm32f4_delay.o(.bss) for .bss
    tm_stm32f4_delay.o(.text) refers to system_stm32f4xx.o(.data) for SystemCoreClock
    tm_stm32f4_disco.o(.text) refers to tm_stm32f4_gpio.o(.text) for TM_GPIO_Init
    tm_stm32f4_disco.o(.text) refers to tm_stm32f4_disco.o(.data) for .data
    tm_stm32f4_l3gd20.o(.text) refers to tm_stm32f4_gpio.o(.text) for TM_GPIO_Init
    tm_stm32f4_l3gd20.o(.text) refers to tm_stm32f4_spi.o(.text) for TM_SPI_Init
    tm_stm32f4_l3gd20.o(.text) refers to tm_stm32f4_l3gd20.o(.data) for .data
    tm_stm32f4_spi.o(.text) refers to tm_stm32f4_gpio.o(.text) for TM_GPIO_InitAlternate
    tm_stm32f4_spi.o(.text) refers to stm32f4xx_spi.o(.text) for SPI_StructInit
    tm_stm32f4_spi.o(.text) refers to stm32f4xx_rcc.o(.text) for RCC_GetClocksFreq
    tm_stm32f4_ili9341_ltdc.o(.text) refers to stm32f4xx_ltdc.o(.text) for LTDC_LayerInit
    tm_stm32f4_ili9341_ltdc.o(.text) refers to stm32f4xx_rcc.o(.text) for RCC_PLLSAIConfig
    tm_stm32f4_ili9341_ltdc.o(.text) refers to tm_stm32f4_ili9341_ltdc.o(.bss) for .bss
    tm_stm32f4_ili9341_ltdc.o(.text) refers to tm_stm32f4_gpio.o(.text) for TM_GPIO_Init
    tm_stm32f4_ili9341_ltdc.o(.text) refers to tm_stm32f4_spi.o(.text) for TM_SPI_Init
    tm_stm32f4_ili9341_ltdc.o(.text) refers to tm_stm32f4_sdram.o(.text) for TM_SDRAM_Init
    tm_stm32f4_ili9341_ltdc.o(.text) refers to tm_stm32f4_dma2d_graphic.o(.text) for TM_DMA2DGRAPHIC_CopyBuffer
    tm_stm32f4_ili9341_ltdc.o(.text) refers to tm_stm32f4_ili9341_ltdc.o(.data) for .data
    tm_stm32f4_fonts.o(.text) refers to strlen.o(.text) for strlen
    tm_stm32f4_fonts.o(.data) refers to tm_stm32f4_fonts.o(.constdata) for TM_Font7x10
    tm_stm32f4_fonts.o(.data) refers to tm_stm32f4_fonts.o(.constdata) for TM_Font11x18
    tm_stm32f4_fonts.o(.data) refers to tm_stm32f4_fonts.o(.constdata) for TM_Font16x26
    tm_stm32f4_sdram.o(.text) refers to stm32f4xx_fmc.o(.text) for FMC_SDRAMInit
    tm_stm32f4_sdram.o(.text) refers to tm_stm32f4_gpio.o(.text) for TM_GPIO_InitAlternate
    tm_stm32f4_sdram.o(.text) refers to tm_stm32f4_sdram.o(.data) for .data
    tm_stm32f4_gpio.o(.text) refers to tm_stm32f4_gpio.o(.bss) for .bss
    tm_stm32f4_dma2d_graphic.o(.text) refers to stm32f4xx_dma2d.o(.text) for DMA2D_Init
    tm_stm32f4_dma2d_graphic.o(.text) refers to tm_stm32f4_dma2d_graphic.o(.bss) for .bss
    tm_stm32f4_stmpe811.o(.text) refers to tm_stm32f4_i2c.o(.text) for TM_I2C_Read
    tm_stm32f4_stmpe811.o(.text) refers to tm_stm32f4_delay.o(.text) for TM_DELAY_Init
    tm_stm32f4_stmpe811.o(.text) refers to tm_stm32f4_delay.o(.data) for TM_Time
    tm_stm32f4_i2c.o(.text) refers to tm_stm32f4_gpio.o(.text) for TM_GPIO_InitAlternate
    tm_stm32f4_i2c.o(.text) refers to stm32f4xx_i2c.o(.text) for I2C_Init
[...]
    $v0                                      0x08006fb0   Number         0  daddsub_clz.o(x$fpl$dadd)
    _dadd1                                   0x08006fc1   Thumb Code     0  daddsub_clz.o(x$fpl$dadd)
    x$fpl$dfix                               0x08007100   Section       94  dfix.o(x$fpl$dfix)
    $v0                                      0x08007100   Number         0  dfix.o(x$fpl$dfix)
    x$fpl$dflt                               0x0800715e   Section       46  dflt_clz.o(x$fpl$dflt)
    $v0                                      0x0800715e   Number         0  dflt_clz.o(x$fpl$dflt)
    x$fpl$dmul                               0x0800718c   Section      340  dmul.o(x$fpl$dmul)
    $v0                                      0x0800718c   Number         0  dmul.o(x$fpl$dmul)
    x$fpl$dnaninf                            0x080072e0   Section      156  dnaninf.o(x$fpl$dnaninf)
    $v0                                      0x080072e0   Number         0  dnaninf.o(x$fpl$dnaninf)
    x$fpl$dretinf                            0x0800737c   Section       12  dretinf.o(x$fpl$dretinf)
    $v0                                      0x0800737c   Number         0  dretinf.o(x$fpl$dretinf)
    x$fpl$dsub                               0x08007388   Section      468  daddsub_clz.o(x$fpl$dsub)
    $v0                                      0x08007388   Number         0  daddsub_clz.o(x$fpl$dsub)
    _dsub1                                   0x08007399   Thumb Code     0  daddsub_clz.o(x$fpl$dsub)
    x$fpl$fpinit                             0x0800755c   Section       10  fpinit.o(x$fpl$fpinit)
    $v0                                      0x0800755c   Number         0  fpinit.o(x$fpl$fpinit)
    x$fpl$fretinf                            0x08007566   Section       10  fretinf.o(x$fpl$fretinf)
    $v0                                      0x08007566   Number         0  fretinf.o(x$fpl$fretinf)
    .constdata                               0x08007570   Section       28  stm32f4xx_fmc.o(.constdata)
    x$fpl$usenofp                            0x08007570   Section        0  usenofp.o(x$fpl$usenofp)
    .constdata                               0x0800758c   Section     1900  tm_stm32f4_fonts.o(.constdata)
    .constdata                               0x08007cf8   Section     3420  tm_stm32f4_fonts.o(.constdata)
    .constdata                               0x08008a54   Section       20  tm_stm32f4_dma.o(.constdata)
    DMA_Flags_Bit_Pos                        0x08008a54   Data           4  tm_stm32f4_dma.o(.constdata)
    DMA_IRQs                                 0x08008a58   Data          16  tm_stm32f4_dma.o(.constdata)
    .data                                    0x20000000   Section       16  stm32f4xx_rcc.o(.data)
    APBAHBPrescTable                         0x20000000   Data          16  stm32f4xx_rcc.o(.data)
    .data                                    0x20000010   Section       16  tm_stm32f4_delay.o(.data)
    .data                                    0x20000020   Section        1  tm_stm32f4_disco.o(.data)
    TM_INT_DISCO_ButtonPressed               0x20000020   Data           1  tm_stm32f4_disco.o(.data)
    .data                                    0x20000021   Section        1  tm_stm32f4_l3gd20.o(.data)
    .data                                    0x20000022   Section        4  tm_stm32f4_ili9341_ltdc.o(.data)
    .data                                    0x20000028   Section        8  tm_stm32f4_fonts.o(.data)
    .data                                    0x20000030   Section        8  tm_stm32f4_fonts.o(.data)
    .data                                    0x20000038   Section        1  tm_stm32f4_sdram.o(.data)
    initialized                              0x20000038   Data           1  tm_stm32f4_sdram.o(.data)
    .data                                    0x2000003c   Section       16  tm_stm32f4_i2c.o(.data)
    TM_I2C_Timeout                           0x2000003c   Data           4  tm_stm32f4_i2c.o(.data)
    TM_I2C_INT_Clocks                        0x20000040   Data          12  tm_stm32f4_i2c.o(.data)
    .data                                    0x2000004c   Section       20  system_stm32f4xx.o(.data)
    .bss                                     0x20000060   Section       24  tm_stm32f4_delay.o(.bss)
    CustomTimers                             0x20000060   Data          24  tm_stm32f4_delay.o(.bss)
    .bss                                     0x20000078   Section       16  tm_stm32f4_ili9341_ltdc.o(.bss)
    .bss                                     0x20000088   Section       22  tm_stm32f4_gpio.o(.bss)
    GPIO_UsedPins                            0x20000088   Data          22  tm_stm32f4_gpio.o(.bss)
    .bss                                     0x200000a0   Section       68  tm_stm32f4_dma2d_graphic.o(.bss)
    GRAPHIC_DMA2D_InitStruct                 0x200000a0   Data          40  tm_stm32f4_dma2d_graphic.o(.bss)
    .bss                                     0x200000e4   Section    35820  main.o(.bss)
    maze                                     0x200000e4   Data        1020  main.o(.bss)
    array_of_walls_ID_numbers                0x200004e0   Data       34800  main.o(.bss)
    .bss                                     0x20008cd0   Section       96  libspace.o(.bss)
    HEAP                                     0x20008d30   Section      512  startup_stm32f429_439xx.o(HEAP)
    Heap_Mem                                 0x20008d30   Data         512  startup_stm32f429_439xx.o(HEAP)
    STACK                                    0x20008f30   Section     1024  startup_stm32f429_439xx.o(STACK)
    Stack_Mem                                0x20008f30   Data        1024  startup_stm32f429_439xx.o(STACK)
    __initial_sp                             0x20009330   Data           0  startup_stm32f429_439xx.o(STACK)

    Global Symbols

    Symbol Name                              Value     Ov Type        Size  Object(Section)

    BuildAttributes$$THM_ISAv4$E$P$D$K$B$S$7EM$VFPi3$EXTD16$VFPS$VFMA$PE$A:L22UL41UL21$X:L11$S22US41US21$IEEE1$IW$USESV6$~STKCKD$USESV7$~SHL$OTIME$ROPI$EBA8$UX$STANDARDLIB$REQ8$PRES8$EABIv2 0x00000000   Number         0  anon$$obj.o ABSOLUTE
    __ARM_use_no_argv                        0x00000000   Number         0  main.o ABSOLUTE
    _printf_flags                            0x00000000   Number         0  printf_stubs.o ABSOLUTE
    _printf_return_value                     0x00000000   Number         0  printf_stubs.o ABSOLUTE
    _printf_sizespec                         0x00000000   Number         0  printf_stubs.o ABSOLUTE
    _printf_widthprec                        0x00000000   Number         0  printf_stubs.o ABSOLUTE
    TM_DELAY_1msHandler                       - Undefined Weak Reference
    __ARM_exceptions_init                     - Undefined Weak Reference
    __alloca_initialize                       - Undefined Weak Reference
    __arm_preinit_                            - Undefined Weak Reference
    __cpp_initialize__aeabi_                  - Undefined Weak Reference
    __cxa_finalize                            - Undefined Weak Reference
    __rt_locale                               - Undefined Weak Reference
    __sigvec_lookup                           - Undefined Weak Reference
    __user_heap_extent                        - Undefined Weak Reference
    _atexit_init                              - Undefined Weak Reference
    _call_atexit_fns                          - Undefined Weak Reference
    _clock_init                               - Undefined Weak Reference
    _fp_trap_init                             - Undefined Weak Reference
    _fp_trap_shutdown                         - Undefined Weak Reference
    _get_lc_collate                           - Undefined Weak Reference
    _get_lc_ctype                             - Undefined Weak Reference
    _get_lc_monetary                          - Undefined Weak Reference
    _get_lc_numeric                           - Undefined Weak Reference
    _get_lc_time                              - Undefined Weak Reference
    _getenv_init                              - Undefined Weak Reference
    _handle_redirection                       - Undefined Weak Reference
    _initio                                   - Undefined Weak Reference
    _mutex_acquire                            - Undefined Weak Reference
    _mutex_free                               - Undefined Weak Reference
    _mutex_release                            - Undefined Weak Reference
    _printf_truncate_signed                   - Undefined Weak Reference
    _printf_truncate_unsigned                 - Undefined Weak Reference
    _rand_init                                - Undefined Weak Reference
    _signal_finish                            - Undefined Weak Reference
    _signal_init                              - Undefined Weak Reference
    _terminateio                              - Undefined Weak Reference
    __Vectors_Size                           0x000001ac   Number         0  startup_stm32f429_439xx.o ABSOLUTE
    __Vectors                                0x08000000   Data           4  startup_stm32f429_439xx.o(RESET)
    __Vectors_End                            0x080001ac   Data           0  startup_stm32f429_439xx.o(RESET)
    __main                                   0x080001ad   Thumb Code     8  __main.o(!!!main)
    __scatterload                            0x080001b5   Thumb Code     0  __scatter.o(!!!scatter)
    __scatterload_rt2                        0x080001b5   Thumb Code    44  __scatter.o(!!!scatter)
    __scatterload_rt2_thumb_only             0x080001b5   Thumb Code     0  __scatter.o(!!!scatter)
    __scatterload_null                       0x080001c3   Thumb Code     0  __scatter.o(!!!scatter)
    __scatterload_copy                       0x080001e9   Thumb Code    26  __scatter_copy.o(!!handler_copy)
    __scatterload_zeroinit                   0x08000205   Thumb Code    28  __scatter_zi.o(!!handler_zi)
    _printf_d                                0x08000221   Thumb Code     0  _printf_d.o(.ARM.Collect$$_printf_percent$$00000009)
    _printf_percent                          0x08000221   Thumb Code     0  _printf_percent.o(.ARM.Collect$$_printf_percent$$00000000)
    _printf_percent_end                      0x08000227   Thumb Code     0  _printf_percent_end.o(.ARM.Collect$$_printf_percent$$00000017)
    __rt_lib_init                            0x0800022b   Thumb Code     0  libinit.o(.ARM.Collect$$libinit$$00000000)
    __rt_lib_init_fp_1                       0x0800022d   Thumb Code     0  libinit2.o(.ARM.Collect$$libinit$$00000001)
    __rt_lib_init_heap_2                     0x08000231   Thumb Code     0  libinit2.o(.ARM.Collect$$libinit$$00000005)
    __rt_lib_init_preinit_1                  0x08000231   Thumb Code     0  libinit2.o(.ARM.Collect$$libinit$$00000004)
    __rt_lib_init_alloca_1                   0x08000239   Thumb Code     0  libinit2.o(.ARM.Collect$$libinit$$0000002E)
    __rt_lib_init_argv_1                     0x08000239   Thumb Code     0  libinit2.o(.ARM.Collect$$libinit$$0000002C)
    __rt_lib_init_atexit_1                   0x08000239   Thumb Code     0  libinit2.o(.ARM.Collect$$libinit$$0000001B)
    __rt_lib_init_clock_1                    0x08000239   Thumb Code     0  libinit2.o(.ARM.Collect$$libinit$$00000021)
    __rt_lib_init_cpp_1                      0x08000239   Thumb Code     0  libinit2.o(.ARM.Collect$$libinit$$00000032)
    __rt_lib_init_exceptions_1               0x08000239   Thumb Code     0  libinit2.o(.ARM.Collect$$libinit$$00000030)
    __rt_lib_init_fp_trap_1                  0x08000239   Thumb Code     0  libinit2.o(.ARM.Collect$$libinit$$0000001F)
    __rt_lib_init_getenv_1                   0x08000239   Thumb Code     0  libinit2.o(.ARM.Collect$$libinit$$00000023)
    __rt_lib_init_heap_1                     0x08000239   Thumb Code     0  libinit2.o(.ARM.Collect$$libinit$$0000000A)
    __rt_lib_init_lc_collate_1               0x08000239   Thumb Code     0  libinit2.o(.ARM.Collect$$libinit$$00000011)
    __rt_lib_init_lc_ctype_1                 0x08000239   Thumb Code     0  libinit2.o(.ARM.Collect$$libinit$$00000013)
    __rt_lib_init_lc_monetary_1              0x08000239   Thumb Code     0  libinit2.o(.ARM.Collect$$libinit$$00000015)
    __rt_lib_init_lc_numeric_1               0x08000239   Thumb Code     0  libinit2.o(.ARM.Collect$$libinit$$00000017)
    __rt_lib_init_lc_time_1                  0x08000239   Thumb Code     0  libinit2.o(.ARM.Collect$$libinit$$00000019)
    __rt_lib_init_rand_1                     0x08000239   Thumb Code     0  libinit2.o(.ARM.Collect$$libinit$$0000000E)
    __rt_lib_init_return                     0x08000239   Thumb Code     0  libinit2.o(.ARM.Collect$$libinit$$00000033)
    __rt_lib_init_signal_1                   0x08000239   Thumb Code     0  libinit2.o(.ARM.Collect$$libinit$$0000001D)
    __rt_lib_init_stdio_1                    0x08000239   Thumb Code     0  libinit2.o(.ARM.Collect$$libinit$$00000025)
    __rt_lib_init_user_alloc_1               0x08000239   Thumb Code     0  libinit2.o(.ARM.Collect$$libinit$$0000000C)
    __rt_lib_shutdown                        0x0800023b   Thumb Code     0  libshutdown.o(.ARM.Collect$$libshutdown$$00000000)
    __rt_lib_shutdown_cpp_1                  0x0800023d   Thumb Code     0  libshutdown2.o(.ARM.Collect$$libshutdown$$00000002)
    __rt_lib_shutdown_fp_trap_1              0x0800023d   Thumb Code     0  libshutdown2.o(.ARM.Collect$$libshutdown$$00000007)
    __rt_lib_shutdown_heap_1                 0x0800023d   Thumb Code     0  libshutdown2.o(.ARM.Collect$$libshutdown$$0000000F)
    __rt_lib_shutdown_return                 0x0800023d   Thumb Code     0  libshutdown2.o(.ARM.Collect$$libshutdown$$00000010)
    __rt_lib_shutdown_signal_1               0x0800023d   Thumb Code     0  libshutdown2.o(.ARM.Collect$$libshutdown$$0000000A)
    __rt_lib_shutdown_stdio_1                0x0800023d   Thumb Code     0  libshutdown2.o(.ARM.Collect$$libshutdown$$00000004)
    __rt_lib_shutdown_user_alloc_1           0x0800023d   Thumb Code     0  libshutdown2.o(.ARM.Collect$$libshutdown$$0000000C)
    __rt_entry                               0x0800023f   Thumb Code     0  __rtentry.o(.ARM.Collect$$rtentry$$00000000)
    __rt_entry_presh_1                       0x0800023f   Thumb Code     0  __rtentry2.o(.ARM.Collect$$rtentry$$00000002)
    __rt_entry_sh                            0x0800023f   Thumb Code     0  __rtentry4.o(.ARM.Collect$$rtentry$$00000004)
    __rt_entry_li                            0x08000245   Thumb Code     0  __rtentry2.o(.ARM.Collect$$rtentry$$0000000A)
    __rt_entry_postsh_1                      0x08000245   Thumb Code     0  __rtentry2.o(.ARM.Collect$$rtentry$$00000009)
    __rt_entry_main                          0x08000249   Thumb Code     0  __rtentry2.o(.ARM.Collect$$rtentry$$0000000D)
    __rt_entry_postli_1                      0x08000249   Thumb Code     0  __rtentry2.o(.ARM.Collect$$rtentry$$0000000C)
    __rt_exit                                0x08000251   Thumb Code     0  rtexit.o(.ARM.Collect$$rtexit$$00000000)
    __rt_exit_ls                             0x08000253   Thumb Code     0  rtexit2.o(.ARM.Collect$$rtexit$$00000003)
    __rt_exit_prels_1                        0x08000253   Thumb Code     0  rtexit2.o(.ARM.Collect$$rtexit$$00000002)
    __rt_exit_exit                           0x08000257   Thumb Code     0  rtexit2.o(.ARM.Collect$$rtexit$$00000004)
    Reset_Handler                            0x0800025d   Thumb Code     8  startup_stm32f429_439xx.o(.text)
    _maybe_terminate_alloc                   0x0800025d   Thumb Code     0  maybetermalloc1.o(.emb_text)
    ADC_IRQHandler                           0x08000277   Thumb Code     0  startup_stm32f429_439xx.o(.text)
    CAN1_RX0_IRQHandler                      0x08000277   Thumb Code     0  startup_stm32f429_439xx.o(.text)
    CAN1_RX1_IRQHandler                      0x08000277   Thumb Code     0  startup_stm32f429_439xx.o(.text)
    CAN1_SCE_IRQHandler                      0x08000277   Thumb Code     0  startup_stm32f429_439xx.o(.text)
    CAN1_TX_IRQHandler                       0x08000277   Thumb Code     0  startup_stm32f429_439xx.o(.text)
    CAN2_RX0_IRQHandler                      0x08000277   Thumb Code     0  startup_stm32f429_439xx.o(.text)
    CAN2_RX1_IRQHandler                      0x08000277   Thumb Code     0  startup_stm32f429_439xx.o(.text)
    CAN2_SCE_IRQHandler                      0x08000277   Thumb Code     0  startup_stm32f429_439xx.o(.text)
    CAN2_TX_IRQHandler                       0x08000277   Thumb Code     0  startup_stm32f429_439xx.o(.text)
    CRYP_IRQHandler                          0x08000277   Thumb Code     0  startup_stm32f429_439xx.o(.text)
    DCMI_IRQHandler                          0x08000277   Thumb Code     0  startup_stm32f429_439xx.o(.text)
    DMA2D_IRQHandler                         0x08000277   Thumb Code     0  startup_stm32f429_439xx.o(.text)
    ETH_IRQHandler                           0x08000277   Thumb Code     0  startup_stm32f429_439xx.o(.text)
    ETH_WKUP_IRQHandler                      0x08000277   Thumb Code     0  startup_stm32f429_439xx.o(.text)
    EXTI0_IRQHandler                         0x08000277   Thumb Code     0  startup_stm32f429_439xx.o(.text)
    EXTI15_10_IRQHandler                     0x08000277   Thumb Code     0  startup_stm32f429_439xx.o(.text)
    EXTI1_IRQHandler                         0x08000277   Thumb Code     0  startup_stm32f429_439xx.o(.text)
    EXTI2_IRQHandler                         0x08000277   Thumb Code     0  startup_stm32f429_439xx.o(.text)
    EXTI3_IRQHandler                         0x08000277   Thumb Code     0  startup_stm32f429_439xx.o(.text)
    EXTI4_IRQHandler                         0x08000277   Thumb Code     0  startup_stm32f429_439xx.o(.text)
    EXTI9_5_IRQHandler                       0x08000277   Thumb Code     0  startup_stm32f429_439xx.o(.text)
    FLASH_IRQHandler                         0x08000277   Thumb Code     0  startup_stm32f429_439xx.o(.text)
    FMC_IRQHandler                           0x08000277   Thumb Code     0  startup_stm32f429_439xx.o(.text)
    FPU_IRQHandler                           0x08000277   Thumb Code     0  startup_stm32f429_439xx.o(.text)
    HASH_RNG_IRQHandler                      0x08000277   Thumb Code     0  startup_stm32f429_439xx.o(.text)
    I2C1_ER_IRQHandler                       0x08000277   Thumb Code     0  startup_stm32f429_439xx.o(.text)
    I2C1_EV_IRQHandler                       0x08000277   Thumb Code     0  startup_stm32f429_439xx.o(.text)
    I2C2_ER_IRQHandler                       0x08000277   Thumb Code     0  startup_stm32f429_439xx.o(.text)
    I2C2_EV_IRQHandler                       0x08000277   Thumb Code     0  startup_stm32f429_439xx.o(.text)
    I2C3_ER_IRQHandler                       0x08000277   Thumb Code     0  startup_stm32f429_439xx.o(.text)
    I2C3_EV_IRQHandler                       0x08000277   Thumb Code     0  startup_stm32f429_439xx.o(.text)
    LTDC_ER_IRQHandler                       0x08000277   Thumb Code     0  startup_stm32f429_439xx.o(.text)
    LTDC_IRQHandler                          0x08000277   Thumb Code     0  startup_stm32f429_439xx.o(.text)
    OTG_FS_IRQHandler                        0x08000277   Thumb Code     0  startup_stm32f429_439xx.o(.text)
    OTG_FS_WKUP_IRQHandler                   0x08000277   Thumb Code     0  startup_stm32f429_439xx.o(.text)
    OTG_HS_EP1_IN_IRQHandler                 0x08000277   Thumb Code     0  startup_stm32f429_439xx.o(.text)
    OTG_HS_EP1_OUT_IRQHandler                0x08000277   Thumb Code     0  startup_stm32f429_439xx.o(.text)
    OTG_HS_IRQHandler                        0x08000277   Thumb Code     0  startup_stm32f429_439xx.o(.text)
    OTG_HS_WKUP_IRQHandler                   0x08000277   Thumb Code     0  startup_stm32f429_439xx.o(.text)
    PVD_IRQHandler                           0x08000277   Thumb Code     0  startup_stm32f429_439xx.o(.text)
    RCC_IRQHandler                           0x08000277   Thumb Code     0  startup_stm32f429_439xx.o(.text)
    RTC_Alarm_IRQHandler                     0x08000277   Thumb Code     0  startup_stm32f429_439xx.o(.text)
    RTC_WKUP_IRQHandler                      0x08000277   Thumb Code     0  startup_stm32f429_439xx.o(.text)
    SAI1_IRQHandler                          0x08000277   Thumb Code     0  startup_stm32f429_439xx.o(.text)
    SDIO_IRQHandler                          0x08000277   Thumb Code     0  startup_stm32f429_439xx.o(.text)
    SPI1_IRQHandler                          0x08000277   Thumb Code     0  startup_stm32f429_439xx.o(.text)
    SPI2_IRQHandler                          0x08000277   Thumb Code     0  startup_stm32f429_439xx.o(.text)
    SPI3_IRQHandler                          0x08000277   Thumb Code     0  startup_stm32f429_439xx.o(.text)
    SPI4_IRQHandler                          0x08000277   Thumb Code     0  startup_stm32f429_439xx.o(.text)
    SPI5_IRQHandler                          0x08000277   Thumb Code     0  startup_stm32f429_439xx.o(.text)
    SPI6_IRQHandler                          0x08000277   Thumb Code     0  startup_stm32f429_439xx.o(.text)
    TAMP_STAMP_IRQHandler                    0x08000277   Thumb Code     0  startup_stm32f429_439xx.o(.text)
    TIM1_BRK_TIM9_IRQHandler                 0x08000277   Thumb Code     0  startup_stm32f429_439xx.o(.text)
    TIM1_CC_IRQHandler                       0x08000277   Thumb Code     0  startup_stm32f429_439xx.o(.text)
    TIM1_TRG_COM_TIM11_IRQHandler            0x08000277   Thumb Code     0  startup_stm32f429_439xx.o(.text)
    TIM1_UP_TIM10_IRQHandler                 0x08000277   Thumb Code     0  startup_stm32f429_439xx.o(.text)
    TIM2_IRQHandler                          0x08000277   Thumb Code     0  startup_stm32f429_439xx.o(.text)
    TIM3_IRQHandler                          0x08000277   Thumb Code     0  startup_stm32f429_439xx.o(.text)
    TIM4_IRQHandler                          0x08000277   Thumb Code     0  startup_stm32f429_439xx.o(.text)
    TIM5_IRQHandler                          0x08000277   Thumb Code     0  startup_stm32f429_439xx.o(.text)
    TIM6_DAC_IRQHandler                      0x08000277   Thumb Code     0  startup_stm32f429_439xx.o(.text)
    TIM7_IRQHandler                          0x08000277   Thumb Code     0  startup_stm32f429_439xx.o(.text)
    TIM8_BRK_TIM12_IRQHandler                0x08000277   Thumb Code     0  startup_stm32f429_439xx.o(.text)
    TIM8_CC_IRQHandler                       0x08000277   Thumb Code     0  startup_stm32f429_439xx.o(.text)
    TIM8_TRG_COM_TIM14_IRQHandler            0x08000277   Thumb Code     0  startup_stm32f429_439xx.o(.text)
    TIM8_UP_TIM13_IRQHandler                 0x08000277   Thumb Code     0  startup_stm32f429_439xx.o(.text)
    UART4_IRQHandler                         0x08000277   Thumb Code     0  startup_stm32f429_439xx.o(.text)
    UART5_IRQHandler                         0x08000277   Thumb Code     0  startup_stm32f429_439xx.o(.text)
    UART7_IRQHandler                         0x08000277   Thumb Code     0  startup_stm32f429_439xx.o(.text)
    UART8_IRQHandler                         0x08000277   Thumb Code     0  startup_stm32f429_439xx.o(.text)
    USART1_IRQHandler                        0x08000277   Thumb Code     0  startup_stm32f429_439xx.o(.text)
    USART2_IRQHandler                        0x08000277   Thumb Code     0  startup_stm32f429_439xx.o(.text)
    USART3_IRQHandler                        0x08000277   Thumb Code     0  startup_stm32f429_439xx.o(.text)
    USART6_IRQHandler                        0x08000277   Thumb Code     0  startup_stm32f429_439xx.o(.text)
    WWDG_IRQHandler                          0x08000277   Thumb Code     0  startup_stm32f429_439xx.o(.text)
    __user_initial_stackheap                 0x08000279   Thumb Code     0  startup_stm32f429_439xx.o(.text)
    NVIC_PriorityGroupConfig                 0x0800029d   Thumb Code    10  misc.o(.text)
    NVIC_Init                                0x080002a7   Thumb Code    96  misc.o(.text)
    NVIC_SetVectorTable                      0x08000307   Thumb Code    14  misc.o(.text)
    NVIC_SystemLPConfig                      0x08000315   Thumb Code    20  misc.o(.text)
    SysTick_CLKSourceConfig                  0x08000329   Thumb Code    24  misc.o(.text)
    RCC_DeInit                               0x0800034d   Thumb Code    68  stm32f4xx_rcc.o(.text)
    RCC_HSEConfig                            0x08000391   Thumb Code    12  stm32f4xx_rcc.o(.text)
    RCC_GetFlagStatus                        0x0800039d   Thumb Code    46  stm32f4xx_rcc.o(.text)
    RCC_WaitForHSEStartUp                    0x080003cb   Thumb Code    44  stm32f4xx_rcc.o(.text)
    RCC_AdjustHSICalibrationValue            0x080003f7   Thumb Code    16  stm32f4xx_rcc.o(.text)
    RCC_HSICmd                               0x08000407   Thumb Code     6  stm32f4xx_rcc.o(.text)
    RCC_LSEConfig                            0x0800040d   Thumb Code    24  stm32f4xx_rcc.o(.text)
    RCC_LSICmd                               0x08000425   Thumb Code     6  stm32f4xx_rcc.o(.text)
    RCC_PLLConfig                            0x0800042b   Thumb Code    32  stm32f4xx_rcc.o(.text)
    RCC_PLLCmd                               0x0800044b   Thumb Code     6  stm32f4xx_rcc.o(.text)
    RCC_PLLI2SConfig                         0x08000451   Thumb Code    18  stm32f4xx_rcc.o(.text)
    RCC_PLLI2SCmd                            0x08000463   Thumb Code     6  stm32f4xx_rcc.o(.text)
    RCC_PLLSAIConfig                         0x08000469   Thumb Code    18  stm32f4xx_rcc.o(.text)
    RCC_PLLSAICmd                            0x0800047b   Thumb Code     6  stm32f4xx_rcc.o(.text)
    RCC_ClockSecuritySystemCmd               0x08000481   Thumb Code     6  stm32f4xx_rcc.o(.text)
    RCC_MCO1Config                           0x08000487   Thumb Code    18  stm32f4xx_rcc.o(.text)
    RCC_MCO2Config                           0x08000499   Thumb Code    18  stm32f4xx_rcc.o(.text)
    RCC_SYSCLKConfig                         0x080004ab   Thumb Code    16  stm32f4xx_rcc.o(.text)
    RCC_GetSYSCLKSource                      0x080004bb   Thumb Code    12  stm32f4xx_rcc.o(.text)
    RCC_HCLKConfig                           0x080004c7   Thumb Code    16  stm32f4xx_rcc.o(.text)
    RCC_PCLK1Config                          0x080004d7   Thumb Code    16  stm32f4xx_rcc.o(.text)
    RCC_PCLK2Config                          0x080004e7   Thumb Code    18  stm32f4xx_rcc.o(.text)
    RCC_GetClocksFreq                        0x080004f9   Thumb Code   134  stm32f4xx_rcc.o(.text)
    RCC_RTCCLKConfig                         0x0800057f   Thumb Code    42  stm32f4xx_rcc.o(.text)
    RCC_RTCCLKCmd                            0x080005a9   Thumb Code     8  stm32f4xx_rcc.o(.text)
    RCC_BackupResetCmd                       0x080005b1   Thumb Code     8  stm32f4xx_rcc.o(.text)
    RCC_I2SCLKConfig                         0x080005b9   Thumb Code     8  stm32f4xx_rcc.o(.text)
    RCC_SAIBlockACLKConfig                   0x080005c1   Thumb Code    16  stm32f4xx_rcc.o(.text)
    RCC_SAIBlockBCLKConfig                   0x080005d1   Thumb Code    16  stm32f4xx_rcc.o(.text)
    RCC_SAIPLLI2SClkDivConfig                0x080005e1   Thumb Code    18  stm32f4xx_rcc.o(.text)
    RCC_SAIPLLSAIClkDivConfig                0x080005f3   Thumb Code    24  stm32f4xx_rcc.o(.text)
    RCC_LTDCCLKDivConfig                     0x0800060b   Thumb Code    16  stm32f4xx_rcc.o(.text)
    RCC_TIMCLKPresConfig                     0x0800061b   Thumb Code     8  stm32f4xx_rcc.o(.text)
    RCC_AHB1PeriphClockCmd                   0x08000623   Thumb Code    20  stm32f4xx_rcc.o(.text)
    RCC_AHB2PeriphClockCmd                   0x08000637   Thumb Code    20  stm32f4xx_rcc.o(.text)
    RCC_AHB3PeriphClockCmd                   0x0800064b   Thumb Code    20  stm32f4xx_rcc.o(.text)
    RCC_APB1PeriphClockCmd                   0x0800065f   Thumb Code    20  stm32f4xx_rcc.o(.text)
    RCC_APB2PeriphClockCmd                   0x08000673   Thumb Code    20  stm32f4xx_rcc.o(.text)
    RCC_AHB1PeriphResetCmd                   0x08000687   Thumb Code    20  stm32f4xx_rcc.o(.text)
    RCC_AHB2PeriphResetCmd                   0x0800069b   Thumb Code    20  stm32f4xx_rcc.o(.text)
    RCC_AHB3PeriphResetCmd                   0x080006af   Thumb Code    20  stm32f4xx_rcc.o(.text)
    RCC_APB1PeriphResetCmd                   0x080006c3   Thumb Code    20  stm32f4xx_rcc.o(.text)
    RCC_APB2PeriphResetCmd                   0x080006d7   Thumb Code    20  stm32f4xx_rcc.o(.text)
    RCC_AHB1PeriphClockLPModeCmd             0x080006eb   Thumb Code    20  stm32f4xx_rcc.o(.text)
    RCC_AHB2PeriphClockLPModeCmd             0x080006ff   Thumb Code    20  stm32f4xx_rcc.o(.text)
    RCC_AHB3PeriphClockLPModeCmd             0x08000713   Thumb Code    20  stm32f4xx_rcc.o(.text)
    RCC_APB1PeriphClockLPModeCmd             0x08000727   Thumb Code    68  stm32f4xx_rcc.o(.text)
    RCC_APB2PeriphClockLPModeCmd             0x0800076b   Thumb Code    18  stm32f4xx_rcc.o(.text)
    RCC_LSEModeConfig                        0x0800077d   Thumb Code    24  stm32f4xx_rcc.o(.text)
    RCC_ITConfig                             0x08000795   Thumb Code    20  stm32f4xx_rcc.o(.text)
    RCC_ClearFlag                            0x080007a9   Thumb Code    14  stm32f4xx_rcc.o(.text)
    RCC_GetITStatus                          0x080007b7   Thumb Code    18  stm32f4xx_rcc.o(.text)
    RCC_ClearITPendingBit                    0x080007c9   Thumb Code     8  stm32f4xx_rcc.o(.text)
    SPI_I2S_DeInit                           0x080007d5   Thumb Code   108  stm32f4xx_spi.o(.text)
    SPI_Init                                 0x08000841   Thumb Code    56  stm32f4xx_spi.o(.text)
    I2S_Init                                 0x08000879   Thumb Code   198  stm32f4xx_spi.o(.text)
    SPI_StructInit                           0x0800093f   Thumb Code    24  stm32f4xx_spi.o(.text)
    I2S_StructInit                           0x08000957   Thumb Code    18  stm32f4xx_spi.o(.text)
    SPI_Cmd                                  0x08000969   Thumb Code    20  stm32f4xx_spi.o(.text)
    I2S_Cmd                                  0x0800097d   Thumb Code    20  stm32f4xx_spi.o(.text)
    SPI_DataSizeConfig                       0x08000991   Thumb Code    16  stm32f4xx_spi.o(.text)
    SPI_BiDirectionalLineConfig              0x080009a1   Thumb Code    22  stm32f4xx_spi.o(.text)
    SPI_NSSInternalSoftwareConfig            0x080009b7   Thumb Code    24  stm32f4xx_spi.o(.text)
    SPI_SSOutputCmd                          0x080009cf   Thumb Code    20  stm32f4xx_spi.o(.text)
    SPI_TIModeCmd                            0x080009e3   Thumb Code    20  stm32f4xx_spi.o(.text)
    I2S_FullDuplexConfig                     0x080009f7   Thumb Code    58  stm32f4xx_spi.o(.text)
    SPI_I2S_ReceiveData                      0x08000a31   Thumb Code     4  stm32f4xx_spi.o(.text)
    SPI_I2S_SendData                         0x08000a35   Thumb Code     4  stm32f4xx_spi.o(.text)
    SPI_CalculateCRC                         0x08000a39   Thumb Code    20  stm32f4xx_spi.o(.text)
    SPI_TransmitCRC                          0x08000a4d   Thumb Code    10  stm32f4xx_spi.o(.text)
    SPI_GetCRC                               0x08000a57   Thumb Code    12  stm32f4xx_spi.o(.text)
    SPI_GetCRCPolynomial                     0x08000a63   Thumb Code     4  stm32f4xx_spi.o(.text)
    SPI_I2S_DMACmd                           0x08000a67   Thumb Code    16  stm32f4xx_spi.o(.text)
    SPI_I2S_ITConfig                         0x08000a77   Thumb Code    24  stm32f4xx_spi.o(.text)
    SPI_I2S_GetFlagStatus                    0x08000a8f   Thumb Code    14  stm32f4xx_spi.o(.text)
    SPI_I2S_ClearFlag                        0x08000a9d   Thumb Code     6  stm32f4xx_spi.o(.text)
    SPI_I2S_GetITStatus                      0x08000aa3   Thumb Code    44  stm32f4xx_spi.o(.text)
    SPI_I2S_ClearITPendingBit                0x08000acf   Thumb Code    14  stm32f4xx_spi.o(.text)
    LTDC_DeInit                              0x08000b01   Thumb Code    24  stm32f4xx_ltdc.o(.text)
    LTDC_Init                                0x08000b19   Thumb Code   156  stm32f4xx_ltdc.o(.text)
    LTDC_StructInit                          0x08000bb5   Thumb Code    34  stm32f4xx_ltdc.o(.text)
    LTDC_Cmd                                 0x08000bd7   Thumb Code    24  stm32f4xx_ltdc.o(.text)
    LTDC_DitherCmd                           0x08000bef   Thumb Code    24  stm32f4xx_ltdc.o(.text)
    LTDC_GetRGBWidth                         0x08000c07   Thumb Code    38  stm32f4xx_ltdc.o(.text)
    LTDC_RGBStructInit                       0x08000c2d   Thumb Code    10  stm32f4xx_ltdc.o(.text)
    LTDC_LIPConfig                           0x08000c37   Thumb Code     8  stm32f4xx_ltdc.o(.text)
    LTDC_ReloadConfig                        0x08000c3f   Thumb Code     8  stm32f4xx_ltdc.o(.text)
    LTDC_LayerInit                           0x08000c47   Thumb Code   150  stm32f4xx_ltdc.o(.text)
    LTDC_LayerStructInit                     0x08000cdd   Thumb Code    44  stm32f4xx_ltdc.o(.text)
    LTDC_LayerCmd                            0x08000d09   Thumb Code    20  stm32f4xx_ltdc.o(.text)
    LTDC_GetPosStatus                        0x08000d1d   Thumb Code    24  stm32f4xx_ltdc.o(.text)
    LTDC_PosStructInit                       0x08000d35   Thumb Code     8  stm32f4xx_ltdc.o(.text)
    LTDC_GetCDStatus                         0x08000d3d   Thumb Code    18  stm32f4xx_ltdc.o(.text)
    LTDC_ColorKeyingConfig                   0x08000d4f   Thumb Code    60  stm32f4xx_ltdc.o(.text)
    LTDC_ColorKeyingStructInit               0x08000d8b   Thumb Code    10  stm32f4xx_ltdc.o(.text)
    LTDC_CLUTCmd                             0x08000d95   Thumb Code    28  stm32f4xx_ltdc.o(.text)
    LTDC_CLUTInit                            0x08000db1   Thumb Code    26  stm32f4xx_ltdc.o(.text)
    LTDC_CLUTStructInit                      0x08000dcb   Thumb Code    12  stm32f4xx_ltdc.o(.text)
    LTDC_LayerPosition                       0x08000dd7   Thumb Code   114  stm32f4xx_ltdc.o(.text)
    LTDC_LayerAlpha                          0x08000e49   Thumb Code     4  stm32f4xx_ltdc.o(.text)
    LTDC_LayerAddress                        0x08000e4d   Thumb Code     4  stm32f4xx_ltdc.o(.text)
    LTDC_LayerSize                           0x08000e51   Thumb Code    86  stm32f4xx_ltdc.o(.text)
    LTDC_LayerPixelFormat                    0x08000ea7   Thumb Code   110  stm32f4xx_ltdc.o(.text)
    LTDC_ITConfig                            0x08000f15   Thumb Code    18  stm32f4xx_ltdc.o(.text)
    LTDC_GetFlagStatus                       0x08000f27   Thumb Code    18  stm32f4xx_ltdc.o(.text)
    LTDC_ClearFlag                           0x08000f39   Thumb Code     8  stm32f4xx_ltdc.o(.text)
    LTDC_GetITStatus                         0x08000f41   Thumb Code    32  stm32f4xx_ltdc.o(.text)
    LTDC_ClearITPendingBit                   0x08000f61   Thumb Code     8  stm32f4xx_ltdc.o(.text)
    FMC_NORSRAMDeInit                        0x08000f6d   Thumb Code    38  stm32f4xx_fmc.o(.text)
    FMC_NORSRAMInit                          0x08000f93   Thumb Code   268  stm32f4xx_fmc.o(.text)
    FMC_NORSRAMStructInit                    0x0800109f   Thumb Code    46  stm32f4xx_fmc.o(.text)
    FMC_NORSRAMCmd                           0x080010cd   Thumb Code    26  stm32f4xx_fmc.o(.text)
    FMC_NANDDeInit                           0x080010e7   Thumb Code    40  stm32f4xx_fmc.o(.text)
    FMC_NANDInit                             0x0800110f   Thumb Code   158  stm32f4xx_fmc.o(.text)
    FMC_NANDStructInit                       0x080011ad   Thumb Code    54  stm32f4xx_fmc.o(.text)
    FMC_NANDCmd                              0x080011e3   Thumb Code    54  stm32f4xx_fmc.o(.text)
    FMC_NANDECCCmd                           0x08001219   Thumb Code    54  stm32f4xx_fmc.o(.text)
    FMC_GetECC                               0x0800124f   Thumb Code    18  stm32f4xx_fmc.o(.text)
    FMC_PCCARDDeInit                         0x08001261   Thumb Code    26  stm32f4xx_fmc.o(.text)
    FMC_PCCARDInit                           0x0800127b   Thumb Code   116  stm32f4xx_fmc.o(.text)
    FMC_PCCARDStructInit                     0x080012ef   Thumb Code    60  stm32f4xx_fmc.o(.text)
    FMC_PCCARDCmd                            0x0800132b   Thumb Code    28  stm32f4xx_fmc.o(.text)
    FMC_SDRAMDeInit                          0x08001347   Thumb Code    42  stm32f4xx_fmc.o(.text)
    FMC_SDRAMInit                            0x08001371   Thumb Code   312  stm32f4xx_fmc.o(.text)
    FMC_SDRAMStructInit                      0x080014a9   Thumb Code    60  stm32f4xx_fmc.o(.text)
    FMC_SDRAMCmdConfig                       0x080014e5   Thumb Code    34  stm32f4xx_fmc.o(.text)
    FMC_GetModeStatus                        0x08001507   Thumb Code    26  stm32f4xx_fmc.o(.text)
    FMC_SetRefreshCount                      0x08001521   Thumb Code    18  stm32f4xx_fmc.o(.text)
    FMC_SetAutoRefresh_Number                0x08001533   Thumb Code    18  stm32f4xx_fmc.o(.text)
    FMC_SDRAMWriteProtectionConfig           0x08001545   Thumb Code    32  stm32f4xx_fmc.o(.text)
    FMC_ITConfig                             0x08001565   Thumb Code   102  stm32f4xx_fmc.o(.text)
    FMC_GetFlagStatus                        0x080015cb   Thumb Code    54  stm32f4xx_fmc.o(.text)
    FMC_ClearFlag                            0x08001601   Thumb Code    56  stm32f4xx_fmc.o(.text)
    FMC_GetITStatus                          0x08001639   Thumb Code    80  stm32f4xx_fmc.o(.text)
    FMC_ClearITPendingBit                    0x08001689   Thumb Code    62  stm32f4xx_fmc.o(.text)
    DMA2D_DeInit                             0x080016cd   Thumb Code    24  stm32f4xx_dma2d.o(.text)
    DMA2D_Init                               0x080016e5   Thumb Code   170  stm32f4xx_dma2d.o(.text)
    DMA2D_StructInit                         0x0800178f   Thumb Code    24  stm32f4xx_dma2d.o(.text)
    DMA2D_StartTransfer                      0x080017a7   Thumb Code    12  stm32f4xx_dma2d.o(.text)
    DMA2D_AbortTransfer                      0x080017b3   Thumb Code    12  stm32f4xx_dma2d.o(.text)
    DMA2D_Suspend                            0x080017bf   Thumb Code    22  stm32f4xx_dma2d.o(.text)
    DMA2D_FGConfig                           0x080017d5   Thumb Code    98  stm32f4xx_dma2d.o(.text)
    DMA2D_FG_StructInit                      0x08001837   Thumb Code    26  stm32f4xx_dma2d.o(.text)
    DMA2D_BGConfig                           0x08001851   Thumb Code    98  stm32f4xx_dma2d.o(.text)
    DMA2D_BG_StructInit                      0x080018b3   Thumb Code    26  stm32f4xx_dma2d.o(.text)
    DMA2D_FGStart                            0x080018cd   Thumb Code    22  stm32f4xx_dma2d.o(.text)
    DMA2D_BGStart                            0x080018e3   Thumb Code    22  stm32f4xx_dma2d.o(.text)
    DMA2D_DeadTimeConfig                     0x080018f9   Thumb Code    38  stm32f4xx_dma2d.o(.text)
    DMA2D_LineWatermarkConfig                0x0800191f   Thumb Code     6  stm32f4xx_dma2d.o(.text)
    DMA2D_ITConfig                           0x08001925   Thumb Code    18  stm32f4xx_dma2d.o(.text)
    DMA2D_GetFlagStatus                      0x08001937   Thumb Code    16  stm32f4xx_dma2d.o(.text)
    DMA2D_ClearFlag                          0x08001947   Thumb Code     6  stm32f4xx_dma2d.o(.text)
    DMA2D_GetITStatus                        0x0800194d   Thumb Code    32  stm32f4xx_dma2d.o(.text)
    DMA2D_ClearITPendingBit                  0x0800196d   Thumb Code     8  stm32f4xx_dma2d.o(.text)
    I2C_DeInit                               0x08001981   Thumb Code    56  stm32f4xx_i2c.o(.text)
    I2C_Init                                 0x080019b9   Thumb Code   174  stm32f4xx_i2c.o(.text)
    I2C_StructInit                           0x08001a67   Thumb Code    28  stm32f4xx_i2c.o(.text)
    I2C_Cmd                                  0x08001a83   Thumb Code    20  stm32f4xx_i2c.o(.text)
    I2C_AnalogFilterCmd                      0x08001a97   Thumb Code    20  stm32f4xx_i2c.o(.text)
    I2C_DigitalFilterConfig                  0x08001aab   Thumb Code    16  stm32f4xx_i2c.o(.text)
    I2C_GenerateSTART                        0x08001abb   Thumb Code    20  stm32f4xx_i2c.o(.text)
    I2C_GenerateSTOP                         0x08001acf   Thumb Code    20  stm32f4xx_i2c.o(.text)
    I2C_Send7bitAddress                      0x08001ae3   Thumb Code    16  stm32f4xx_i2c.o(.text)
    I2C_AcknowledgeConfig                    0x08001af3   Thumb Code    20  stm32f4xx_i2c.o(.text)
    I2C_OwnAddress2Config                    0x08001b07   Thumb Code    16  stm32f4xx_i2c.o(.text)
    I2C_DualAddressCmd                       0x08001b17   Thumb Code    20  stm32f4xx_i2c.o(.text)
    I2C_GeneralCallCmd                       0x08001b2b   Thumb Code    20  stm32f4xx_i2c.o(.text)
    I2C_SoftwareResetCmd                     0x08001b3f   Thumb Code    20  stm32f4xx_i2c.o(.text)
    I2C_StretchClockCmd                      0x08001b53   Thumb Code    20  stm32f4xx_i2c.o(.text)
    I2C_FastModeDutyCycleConfig              0x08001b67   Thumb Code    22  stm32f4xx_i2c.o(.text)
    I2C_NACKPositionConfig                   0x08001b7d   Thumb Code    22  stm32f4xx_i2c.o(.text)
    I2C_SMBusAlertConfig                     0x08001b93   Thumb Code    22  stm32f4xx_i2c.o(.text)
    I2C_ARPCmd                               0x08001ba9   Thumb Code    20  stm32f4xx_i2c.o(.text)
    I2C_SendData                             0x08001bbd   Thumb Code     4  stm32f4xx_i2c.o(.text)
    I2C_ReceiveData                          0x08001bc1   Thumb Code     6  stm32f4xx_i2c.o(.text)
    I2C_TransmitPEC                          0x08001bc7   Thumb Code    20  stm32f4xx_i2c.o(.text)
    I2C_PECPositionConfig                    0x08001bdb   Thumb Code    22  stm32f4xx_i2c.o(.text)
    I2C_CalculatePEC                         0x08001bf1   Thumb Code    20  stm32f4xx_i2c.o(.text)
    I2C_GetPEC                               0x08001c05   Thumb Code     6  stm32f4xx_i2c.o(.text)
    I2C_DMACmd                               0x08001c0b   Thumb Code    20  stm32f4xx_i2c.o(.text)
    I2C_DMALastTransferCmd                   0x08001c1f   Thumb Code    20  stm32f4xx_i2c.o(.text)
    I2C_ReadRegister                         0x08001c33   Thumb Code    10  stm32f4xx_i2c.o(.text)
    I2C_ITConfig                             0x08001c3d   Thumb Code    16  stm32f4xx_i2c.o(.text)
    I2C_CheckEvent                           0x08001c4d   Thumb Code    24  stm32f4xx_i2c.o(.text)
    I2C_GetLastEvent                         0x08001c65   Thumb Code    14  stm32f4xx_i2c.o(.text)
    I2C_GetFlagStatus                        0x08001c73   Thumb Code    42  stm32f4xx_i2c.o(.text)
    I2C_ClearFlag                            0x08001c9d   Thumb Code     6  stm32f4xx_i2c.o(.text)
    I2C_GetITStatus                          0x08001ca3   Thumb Code    36  stm32f4xx_i2c.o(.text)
    I2C_ClearITPendingBit                    0x08001cc7   Thumb Code     6  stm32f4xx_i2c.o(.text)
    TimingDelay_Decrement                    0x08001ce1   Thumb Code    88  tm_stm32f4_delay.o(.text)
    TM_DELAY_Init                            0x08001d39   Thumb Code    60  tm_stm32f4_delay.o(.text)
    TM_DELAY_EnableDelayTimer                0x08001d75   Thumb Code    22  tm_stm32f4_delay.o(.text)
    TM_DELAY_DisableDelayTimer               0x08001d8b   Thumb Code    14  tm_stm32f4_delay.o(.text)
    TM_DELAY_TimerCreate                     0x08001d99   Thumb Code    68  tm_stm32f4_delay.o(.text)
    TM_DELAY_TimerDelete                     0x08001ddd   Thumb Code    86  tm_stm32f4_delay.o(.text)
    TM_DELAY_TimerStop                       0x08001e33   Thumb Code     6  tm_stm32f4_delay.o(.text)
    TM_DELAY_TimerStart                      0x08001e39   Thumb Code     6  tm_stm32f4_delay.o(.text)
    TM_DELAY_TimerReset                      0x08001e3f   Thumb Code     6  tm_stm32f4_delay.o(.text)
    TM_DELAY_TimerAutoReload                 0x08001e45   Thumb Code     4  tm_stm32f4_delay.o(.text)
    TM_DELAY_TimerAutoReloadValue            0x08001e49   Thumb Code     4  tm_stm32f4_delay.o(.text)
    TM_DISCO_LedInit                         0x08001e61   Thumb Code    32  tm_stm32f4_disco.o(.text)
    TM_DISCO_ButtonInit                      0x08001e81   Thumb Code    24  tm_stm32f4_disco.o(.text)
    TM_DISCO_ButtonOnPressed                 0x08001e99   Thumb Code    30  tm_stm32f4_disco.o(.text)
    TM_DISCO_ButtonOnReleased                0x08001eb7   Thumb Code    32  tm_stm32f4_disco.o(.text)
    TM_L3GD20_INT_WriteSPI                   0x08001f0f   Thumb Code    36  tm_stm32f4_l3gd20.o(.text)
    TM_L3GD20_INT_ReadSPI                    0x08001f33   Thumb Code    36  tm_stm32f4_l3gd20.o(.text)
    TM_L3GD20_INT_InitPins                   0x08001f57   Thumb Code    34  tm_stm32f4_l3gd20.o(.text)
    TM_L3GD20_Init                           0x08001f79   Thumb Code    90  tm_stm32f4_l3gd20.o(.text)
    TM_L3GD20_Read                           0x08001fd3   Thumb Code   176  tm_stm32f4_l3gd20.o(.text)
    TM_SPI_InitCustomPinsCallback            0x0800209d   Thumb Code     2  tm_stm32f4_spi.o(.text)
    TM_SPI6_INT_InitPins                     0x0800209f   Thumb Code    42  tm_stm32f4_spi.o(.text)
    TM_SPI5_INT_InitPins                     0x080020c9   Thumb Code    76  tm_stm32f4_spi.o(.text)
    TM_SPI4_INT_InitPins                     0x08002115   Thumb Code    60  tm_stm32f4_spi.o(.text)
    TM_SPI3_INT_InitPins                     0x08002151   Thumb Code    60  tm_stm32f4_spi.o(.text)
    TM_SPI2_INT_InitPins                     0x0800218d   Thumb Code    90  tm_stm32f4_spi.o(.text)
    TM_SPI1_INT_InitPins                     0x080021e7   Thumb Code    58  tm_stm32f4_spi.o(.text)
    TM_SPI_Init                              0x08002343   Thumb Code   136  tm_stm32f4_spi.o(.text)
    TM_SPI_InitWithMode                      0x080023cb   Thumb Code   134  tm_stm32f4_spi.o(.text)
    TM_SPI_InitFull                          0x08002451   Thumb Code   200  tm_stm32f4_spi.o(.text)
    TM_SPI_GetPrescalerFromMaxFrequency      0x08002519   Thumb Code    78  tm_stm32f4_spi.o(.text)
    TM_SPI_SetDataSize                       0x08002567   Thumb Code    44  tm_stm32f4_spi.o(.text)
    TM_SPI_SendMulti                         0x08002593   Thumb Code    52  tm_stm32f4_spi.o(.text)
    TM_SPI_WriteMulti                        0x080025c7   Thumb Code    50  tm_stm32f4_spi.o(.text)
    TM_SPI_ReadMulti                         0x080025f9   Thumb Code    50  tm_stm32f4_spi.o(.text)
    TM_SPI_SendMulti16                       0x0800262b   Thumb Code    56  tm_stm32f4_spi.o(.text)
    TM_SPI_WriteMulti16                      0x08002663   Thumb Code    52  tm_stm32f4_spi.o(.text)
    TM_SPI_ReadMulti16                       0x08002697   Thumb Code    52  tm_stm32f4_spi.o(.text)
    TM_ILI9341_SetLayer1                     0x08002707   Thumb Code    10  tm_stm32f4_ili9341_ltdc.o(.text)
    TM_ILI9341_Fill                          0x08002711   Thumb Code    28  tm_stm32f4_ili9341_ltdc.o(.text)
    TM_ILI9341_SetLayer2                     0x0800272d   Thumb Code    14  tm_stm32f4_ili9341_ltdc.o(.text)
    TM_ILI9341_InitLayers                    0x0800273b   Thumb Code   176  tm_stm32f4_ili9341_ltdc.o(.text)
    TM_LCD9341_InitLTDC                      0x080027eb   Thumb Code   126  tm_stm32f4_ili9341_ltdc.o(.text)
    TM_ILI9341_SendCommand                   0x08002869   Thumb Code    32  tm_stm32f4_ili9341_ltdc.o(.text)
    TM_ILI9341_Delay                         0x08002889   Thumb Code    16  tm_stm32f4_ili9341_ltdc.o(.text)
    TM_ILI9341_SendData                      0x08002899   Thumb Code    34  tm_stm32f4_ili9341_ltdc.o(.text)
    TM_ILI9341_InitLCD                       0x080028bb   Thumb Code   690  tm_stm32f4_ili9341_ltdc.o(.text)
    TM_ILI9341_InitPins                      0x08002b6d   Thumb Code   202  tm_stm32f4_ili9341_ltdc.o(.text)
    TM_ILI9341_Init                          0x08002c37   Thumb Code   104  tm_stm32f4_ili9341_ltdc.o(.text)
    TM_ILI9341_DisplayOn                     0x08002c9f   Thumb Code    18  tm_stm32f4_ili9341_ltdc.o(.text)
    TM_ILI9341_DisplayOff                    0x08002cb1   Thumb Code    18  tm_stm32f4_ili9341_ltdc.o(.text)
    TM_ILI9341_DrawPixel                     0x08002cc3   Thumb Code    86  tm_stm32f4_ili9341_ltdc.o(.text)
    TM_ILI9341_Rotate                        0x08002d19   Thumb Code    34  tm_stm32f4_ili9341_ltdc.o(.text)
    TM_ILI9341_UpdateLayerOpacity            0x08002d3b   Thumb Code    32  tm_stm32f4_ili9341_ltdc.o(.text)
    TM_ILI9341_SetLayer1Opacity              0x08002d5b   Thumb Code     6  tm_stm32f4_ili9341_ltdc.o(.text)
    TM_ILI9341_SetLayer2Opacity              0x08002d61   Thumb Code     6  tm_stm32f4_ili9341_ltdc.o(.text)
    TM_ILI9341_ChangeLayers                  0x08002d67   Thumb Code    40  tm_stm32f4_ili9341_ltdc.o(.text)
    TM_ILI9341_Layer2To1                     0x08002d8f   Thumb Code    26  tm_stm32f4_ili9341_ltdc.o(.text)
    TM_ILI9341_Layer1To2                     0x08002da9   Thumb Code    26  tm_stm32f4_ili9341_ltdc.o(.text)
    TM_ILI9341_Putc                          0x08002dc3   Thumb Code   160  tm_stm32f4_ili9341_ltdc.o(.text)
    TM_ILI9341_Puts                          0x08002e63   Thumb Code    86  tm_stm32f4_ili9341_ltdc.o(.text)
    TM_ILI9341_GetStringSize                 0x08002eb9   Thumb Code    28  tm_stm32f4_ili9341_ltdc.o(.text)
    TM_ILI9341_DrawLine                      0x08002ed5   Thumb Code   232  tm_stm32f4_ili9341_ltdc.o(.text)
    TM_ILI9341_DrawRectangle                 0x08002fbd   Thumb Code    68  tm_stm32f4_ili9341_ltdc.o(.text)
    TM_INT_ILI9341_DrawCircleCorner          0x08003001   Thumb Code   232  tm_stm32f4_ili9341_ltdc.o(.text)
    TM_ILI9341_DrawRoundedRectangle          0x080030e9   Thumb Code   250  tm_stm32f4_ili9341_ltdc.o(.text)
    TM_INT_ILI9341_DrawFilledCircleCorner    0x080031e3   Thumb Code   276  tm_stm32f4_ili9341_ltdc.o(.text)
    TM_ILI9341_DrawFilledRectangle           0x080032f7   Thumb Code    40  tm_stm32f4_ili9341_ltdc.o(.text)
    TM_ILI9341_DrawFilledRoundedRectangle    0x0800331f   Thumb Code   228  tm_stm32f4_ili9341_ltdc.o(.text)
    TM_ILI9341_DrawCircle                    0x08003403   Thumb Code   274  tm_stm32f4_ili9341_ltdc.o(.text)
    TM_ILI9341_DrawFilledCircle              0x08003515   Thumb Code   254  tm_stm32f4_ili9341_ltdc.o(.text)
    TM_SDRAM_InitCustomPinsCallback          0x08003615   Thumb Code     4  tm_stm32f4_sdram.o(.text)
    TM_SDRAM_Init                            0x08003619   Thumb Code   368  tm_stm32f4_sdram.o(.text)
    TM_GPIO_GetPortSource                    0x08003825   Thumb Code    10  tm_stm32f4_gpio.o(.text)
    TM_GPIO_INT_Init                         0x0800382f   Thumb Code   130  tm_stm32f4_gpio.o(.text)
    TM_GPIO_INT_EnableClock                  0x080038b1   Thumb Code    20  tm_stm32f4_gpio.o(.text)
    TM_GPIO_Init                             0x080038c5   Thumb Code    34  tm_stm32f4_gpio.o(.text)
    TM_GPIO_InitAlternate                    0x080038e7   Thumb Code    92  tm_stm32f4_gpio.o(.text)
    TM_GPIO_DeInit                           0x08003943   Thumb Code    66  tm_stm32f4_gpio.o(.text)
    TM_GPIO_SetPinAsInput                    0x08003985   Thumb Code    38  tm_stm32f4_gpio.o(.text)
    TM_GPIO_SetPinAsOutput                   0x080039ab   Thumb Code    46  tm_stm32f4_gpio.o(.text)
    TM_GPIO_SetPinAsAnalog                   0x080039d9   Thumb Code    38  tm_stm32f4_gpio.o(.text)
    TM_GPIO_SetPinAsAlternate                0x080039ff   Thumb Code    48  tm_stm32f4_gpio.o(.text)
    TM_GPIO_SetPullResistor                  0x08003a2f   Thumb Code    46  tm_stm32f4_gpio.o(.text)
    TM_GPIO_Lock                             0x08003a5d   Thumb Code    16  tm_stm32f4_gpio.o(.text)
    TM_GPIO_GetPinSource                     0x08003a6d   Thumb Code    18  tm_stm32f4_gpio.o(.text)
    TM_GPIO_INT_DisableClock                 0x08003a7f   Thumb Code    20  tm_stm32f4_gpio.o(.text)
    TM_GPIO_GetUsedPins                      0x08003a93   Thumb Code    14  tm_stm32f4_gpio.o(.text)
    TM_GPIO_GetFreePins                      0x08003aa1   Thumb Code    18  tm_stm32f4_gpio.o(.text)
    TM_INT_DMA2DGRAPHIC_InitAndTransfer      0x08003ac1   Thumb Code    56  tm_stm32f4_dma2d_graphic.o(.text)
    TM_INT_DMA2DGRAPHIC_SetMemory            0x08003af9   Thumb Code    26  tm_stm32f4_dma2d_graphic.o(.text)
    TM_DMA2DGRAPHIC_DrawHorizontalLine       0x08003b13   Thumb Code   244  tm_stm32f4_dma2d_graphic.o(.text)
    TM_DMA2DGRAPHIC_Init                     0x08003c07   Thumb Code    66  tm_stm32f4_dma2d_graphic.o(.text)
    TM_DMA2DGRAPHIC_SetLayer                 0x08003c49   Thumb Code    14  tm_stm32f4_dma2d_graphic.o(.text)
    TM_DMA2DGRAPHIC_DrawPixel                0x08003c57   Thumb Code   130  tm_stm32f4_dma2d_graphic.o(.text)
    TM_DMA2DGRAPHIC_GetPixel                 0x08003cd9   Thumb Code   126  tm_stm32f4_dma2d_graphic.o(.text)
    TM_DMA2DGRAPHIC_SetOrientation           0x08003d57   Thumb Code    34  tm_stm32f4_dma2d_graphic.o(.text)
    TM_DMA2DGRAPHIC_Fill                     0x08003d79   Thumb Code    60  tm_stm32f4_dma2d_graphic.o(.text)
    TM_DMA2DGRAPHIC_DrawFilledRectangle      0x08003db5   Thumb Code   314  tm_stm32f4_dma2d_graphic.o(.text)
    TM_DMA2DGRAPHIC_DrawVerticalLine         0x08003eef   Thumb Code   238  tm_stm32f4_dma2d_graphic.o(.text)
    TM_DMA2DGRAPHIC_DrawRectangle            0x08003fdd   Thumb Code    80  tm_stm32f4_dma2d_graphic.o(.text)
    TM_INT_DMA2DGRAPHIC_DrawCircleCorner     0x0800402d   Thumb Code   232  tm_stm32f4_dma2d_graphic.o(.text)
    TM_DMA2DGRAPHIC_DrawRoundedRectangle     0x08004115   Thumb Code   260  tm_stm32f4_dma2d_graphic.o(.text)
    TM_DMA2DGRAPHIC_DrawLine                 0x08004219   Thumb Code   182  tm_stm32f4_dma2d_graphic.o(.text)
    TM_INT_DMA2DGRAPHIC_DrawFilledCircleCorner 0x080042cf   Thumb Code   282  tm_stm32f4_dma2d_graphic.o(.text)
    TM_DMA2DGRAPHIC_DrawFilledRoundedRectangle 0x080043e9   Thumb Code   244  tm_stm32f4_dma2d_graphic.o(.text)
    TM_DMA2DGRAPHIC_DrawPolyLine             0x080044dd   Thumb Code    46  tm_stm32f4_dma2d_graphic.o(.text)
    TM_DMA2DGRAPHIC_DrawCircle               0x0800450b   Thumb Code   286  tm_stm32f4_dma2d_graphic.o(.text)
    TM_DMA2DGRAPHIC_DrawFilledCircle         0x08004629   Thumb Code   254  tm_stm32f4_dma2d_graphic.o(.text)
    TM_DMA2DGRAPHIC_DrawTriangle             0x08004727   Thumb Code    72  tm_stm32f4_dma2d_graphic.o(.text)
    TM_DMA2DGRAPHIC_DrawFilledTriangle       0x0800476f   Thumb Code   190  tm_stm32f4_dma2d_graphic.o(.text)
    TM_DMA2DGRAPHIC_CopyBufferIT             0x0800482d   Thumb Code    80  tm_stm32f4_dma2d_graphic.o(.text)
    TM_DMA2DGRAPHIC_CopyBuffer               0x0800487d   Thumb Code    28  tm_stm32f4_dma2d_graphic.o(.text)
    TM_INT_DMA2DGRAPHIC_SetConf              0x08004899   Thumb Code    40  tm_stm32f4_dma2d_graphic.o(.text)
    TM_RNG_Init                              0x080048cd   Thumb Code    22  tm_stm32f4_rng.o(.text)
    TM_RNG_DeInit                            0x080048e3   Thumb Code    22  tm_stm32f4_rng.o(.text)
    TM_RNG_Get                               0x080048f9   Thumb Code    18  tm_stm32f4_rng.o(.text)
    TM_STMPE811_Read                         0x08004915   Thumb Code    10  tm_stm32f4_stmpe811.o(.text)
    TM_STMPE811_Init                         0x0800491f   Thumb Code   320  tm_stm32f4_stmpe811.o(.text)
    TM_STMPE811_ReadY                        0x08004a5f   Thumb Code    80  tm_stm32f4_stmpe811.o(.text)
    TM_STMPE811_ReadX                        0x08004aaf   Thumb Code    94  tm_stm32f4_stmpe811.o(.text)
    TM_STMPE811_ReadTouch                    0x08004b0d   Thumb Code   238  tm_stm32f4_stmpe811.o(.text)
    TM_I2C_InitCustomPinsCallback            0x08004c35   Thumb Code     2  tm_stm32f4_i2c.o(.text)
    TM_I2C_Init                              0x08004c37   Thumb Code   390  tm_stm32f4_i2c.o(.text)
    TM_I2C_ReadNack                          0x08004dbd   Thumb Code    64  tm_stm32f4_i2c.o(.text)
    TM_I2C_Start                             0x08004dfd   Thumb Code   122  tm_stm32f4_i2c.o(.text)
    TM_I2C_Stop                              0x08004e77   Thumb Code    48  tm_stm32f4_i2c.o(.text)
    TM_I2C_WriteData                         0x08004ea7   Thumb Code    28  tm_stm32f4_i2c.o(.text)
    TM_I2C_Read                              0x08004ec3   Thumb Code    50  tm_stm32f4_i2c.o(.text)
    TM_I2C_ReadAck                           0x08004ef5   Thumb Code    56  tm_stm32f4_i2c.o(.text)
    TM_I2C_ReadMulti                         0x08004f2d   Thumb Code    72  tm_stm32f4_i2c.o(.text)
    TM_I2C_ReadNoRegister                    0x08004f75   Thumb Code    20  tm_stm32f4_i2c.o(.text)
    TM_I2C_ReadMultiNoRegister               0x08004f89   Thumb Code    42  tm_stm32f4_i2c.o(.text)
    TM_I2C_Write                             0x08004fb3   Thumb Code    40  tm_stm32f4_i2c.o(.text)
    TM_I2C_WriteMulti                        0x08004fdb   Thumb Code    48  tm_stm32f4_i2c.o(.text)
    TM_I2C_WriteNoRegister                   0x0800500b   Thumb Code    74  tm_stm32f4_i2c.o(.text)
    TM_I2C_WriteMultiNoRegister              0x08005055   Thumb Code    42  tm_stm32f4_i2c.o(.text)
    TM_I2C_IsDeviceConnected                 0x0800507f   Thumb Code    28  tm_stm32f4_i2c.o(.text)
    TM_DMA_ClearFlag                         0x0800509d   Thumb Code    52  tm_stm32f4_dma.o(.text)
    TM_DMA_ClearFlags                        0x080050d1   Thumb Code     4  tm_stm32f4_dma.o(.text)
    TM_DMA_GetFlags                          0x080050d5   Thumb Code    52  tm_stm32f4_dma.o(.text)
    TM_DMA_EnableInterrupts                  0x08005109   Thumb Code    94  tm_stm32f4_dma.o(.text)
    TM_DMA_DisableInterrupts                 0x08005167   Thumb Code    76  tm_stm32f4_dma.o(.text)
    TM_DMA_TransferCompleteHandler           0x080051b3   Thumb Code     2  tm_stm32f4_dma.o(.text)
    TM_DMA_HalfTransferCompleteHandler       0x080051b5   Thumb Code     2  tm_stm32f4_dma.o(.text)
    TM_DMA_TransferErrorHandler              0x080051b7   Thumb Code     2  tm_stm32f4_dma.o(.text)
    TM_DMA_DirectModeErrorHandler            0x080051b9   Thumb Code     2  tm_stm32f4_dma.o(.text)
    TM_DMA_FIFOErrorHandler                  0x080051bb   Thumb Code     2  tm_stm32f4_dma.o(.text)
    DMA1_Stream0_IRQHandler                  0x08005223   Thumb Code     6  tm_stm32f4_dma.o(.text)
    DMA1_Stream1_IRQHandler                  0x08005229   Thumb Code     6  tm_stm32f4_dma.o(.text)
    DMA1_Stream2_IRQHandler                  0x0800522f   Thumb Code     6  tm_stm32f4_dma.o(.text)
    DMA1_Stream3_IRQHandler                  0x08005235   Thumb Code     6  tm_stm32f4_dma.o(.text)
    DMA1_Stream4_IRQHandler                  0x0800523b   Thumb Code     6  tm_stm32f4_dma.o(.text)
    DMA1_Stream5_IRQHandler                  0x08005241   Thumb Code     6  tm_stm32f4_dma.o(.text)
    DMA1_Stream6_IRQHandler                  0x08005247   Thumb Code     6  tm_stm32f4_dma.o(.text)
    DMA1_Stream7_IRQHandler                  0x0800524d   Thumb Code     6  tm_stm32f4_dma.o(.text)
    DMA2_Stream0_IRQHandler                  0x08005253   Thumb Code     4  tm_stm32f4_dma.o(.text)
    DMA2_Stream1_IRQHandler                  0x08005257   Thumb Code     6  tm_stm32f4_dma.o(.text)
    DMA2_Stream2_IRQHandler                  0x0800525d   Thumb Code     6  tm_stm32f4_dma.o(.text)
    DMA2_Stream3_IRQHandler                  0x08005263   Thumb Code     6  tm_stm32f4_dma.o(.text)
    DMA2_Stream4_IRQHandler                  0x08005269   Thumb Code     6  tm_stm32f4_dma.o(.text)
    DMA2_Stream5_IRQHandler                  0x0800526f   Thumb Code     6  tm_stm32f4_dma.o(.text)
    DMA2_Stream6_IRQHandler                  0x08005275   Thumb Code     6  tm_stm32f4_dma.o(.text)
    DMA2_Stream7_IRQHandler                  0x0800527b   Thumb Code     6  tm_stm32f4_dma.o(.text)
    binarySearch                             0x08005291   Thumb Code    52  main.o(.text)
    CollisionDetection                       0x080052c5   Thumb Code   136  main.o(.text)
    ShowMaze                                 0x0800534d   Thumb Code   120  main.o(.text)
    heapify                                  0x080053c5   Thumb Code    80  main.o(.text)
    heapSort                                 0x08005415   Thumb Code    66  main.o(.text)
    CarveMaze                                0x08005457   Thumb Code   164  main.o(.text)
    GenerateMaze                             0x080054fb   Thumb Code    88  main.o(.text)
    main                                     0x08005553   Thumb Code  4710  main.o(.text)
    NMI_Handler                              0x080067f1   Thumb Code     2  stm32f4xx_it.o(.text)
    HardFault_Handler                        0x080067f3   Thumb Code     2  stm32f4xx_it.o(.text)
    MemManage_Handler                        0x080067f5   Thumb Code     2  stm32f4xx_it.o(.text)
    BusFault_Handler                         0x080067f7   Thumb Code     2  stm32f4xx_it.o(.text)
    UsageFault_Handler                       0x080067f9   Thumb Code     2  stm32f4xx_it.o(.text)
    SVC_Handler                              0x080067fb   Thumb Code     2  stm32f4xx_it.o(.text)
    DebugMon_Handler                         0x080067fd   Thumb Code     2  stm32f4xx_it.o(.text)
    PendSV_Handler                           0x080067ff   Thumb Code     2  stm32f4xx_it.o(.text)
    SysTick_Handler                          0x08006803   Thumb Code     8  stm32f4xx_it.o(.text)
    SystemInit                               0x080068cb   Thumb Code    74  system_stm32f4xx.o(.text)
    SystemCoreClockUpdate                    0x08006915   Thumb Code   108  system_stm32f4xx.o(.text)
    malloc                                   0x080069a9   Thumb Code    94  h1_alloc.o(.text)
    free                                     0x08006a07   Thumb Code    78  h1_free.o(.text)
    __2sprintf                               0x08006a55   Thumb Code    34  noretval__2sprintf.o(.text)
    _printf_pre_padding                      0x08006a7d   Thumb Code    44  _printf_pad.o(.text)
    _printf_post_padding                     0x08006aa9   Thumb Code    34  _printf_pad.o(.text)
    _printf_int_dec                          0x08006acd   Thumb Code   104  _printf_dec.o(.text)
    __printf                                 0x08006b45   Thumb Code   270  __printf_wp.o(.text)
    __use_two_region_memory                  0x08006c53   Thumb Code     2  heapauxi.o(.text)
    __rt_heap_escrow                         0x08006c55   Thumb Code     2  heapauxi.o(.text)
    __rt_heap_expand                         0x08006c57   Thumb Code     2  heapauxi.o(.text)
    __rt_heap_descriptor                     0x08006c59   Thumb Code     8  rt_heap_descriptor_intlibspace.o(.text)
    __use_no_heap                            0x08006c61   Thumb Code     2  hguard.o(.text)
    __heap$guard                             0x08006c63   Thumb Code     2  hguard.o(.text)
    _terminate_user_alloc                    0x08006c65   Thumb Code     2  init_alloc.o(.text)
    _init_user_alloc                         0x08006c67   Thumb Code     2  init_alloc.o(.text)
    __Heap_Full                              0x08006c69   Thumb Code    34  init_alloc.o(.text)
    __Heap_Broken                            0x08006c8b   Thumb Code     6  init_alloc.o(.text)
    _init_alloc                              0x08006c91   Thumb Code    94  init_alloc.o(.text)
    __Heap_Initialize                        0x08006cef   Thumb Code    10  h1_init.o(.text)
    __Heap_DescSize                          0x08006cf9   Thumb Code     4  h1_init.o(.text)
    _printf_int_common                       0x08006cfd   Thumb Code   178  _printf_intcommon.o(.text)
    _printf_char_common                      0x08006dbb   Thumb Code    32  _printf_char_common.o(.text)
    _sputc                                   0x08006de1   Thumb Code    10  _sputc.o(.text)
    __user_libspace                          0x08006ded   Thumb Code     8  libspace.o(.text)
    __user_perproc_libspace                  0x08006ded   Thumb Code     0  libspace.o(.text)
    __user_perthread_libspace                0x08006ded   Thumb Code     0  libspace.o(.text)
    __Heap_ProvideMemory                     0x08006df5   Thumb Code    52  h1_extend.o(.text)
    __rt_SIGRTMEM                            0x08006e29   Thumb Code    14  defsig_rtmem_outer.o(.text)
    __I$use$semihosting                      0x08006e37   Thumb Code     0  use_no_semi.o(.text)
    __use_no_semihosting_swi                 0x08006e37   Thumb Code     2  use_no_semi.o(.text)
    __semihosting_library_function           0x08006e39   Thumb Code     0  indicate_semi.o(.text)
    __user_setup_stackheap                   0x08006e39   Thumb Code    74  sys_stackheap_outer.o(.text)
    exit                                     0x08006e83   Thumb Code    18  exit.o(.text)
    __sig_exit                               0x08006e95   Thumb Code    10  defsig_exit.o(.text)
    __rt_SIGRTMEM_inner                      0x08006ea1   Thumb Code    22  defsig_rtmem_inner.o(.text)
    _sys_exit                                0x08006ef1   Thumb Code     8  sys_exit.o(.text)
    __default_signal_display                 0x08006efd   Thumb Code    50  defsig_general.o(.text)
    _ttywrch                                 0x08006f2f   Thumb Code    14  sys_wrch.o(.text)
    _is_digit                                0x08006f3d   Thumb Code    14  __printf_wp.o(i._is_digit)
    __aeabi_d2f                              0x08006f4d   Thumb Code     0  d2f.o(x$fpl$d2f)
    _d2f                                     0x08006f4d   Thumb Code    98  d2f.o(x$fpl$d2f)
    __aeabi_dadd                             0x08006fb1   Thumb Code     0  daddsub_clz.o(x$fpl$dadd)
    _dadd                                    0x08006fb1   Thumb Code   332  daddsub_clz.o(x$fpl$dadd)
    __aeabi_d2iz                             0x08007101   Thumb Code     0  dfix.o(x$fpl$dfix)
    _dfix                                    0x08007101   Thumb Code    94  dfix.o(x$fpl$dfix)
    __aeabi_i2d                              0x0800715f   Thumb Code     0  dflt_clz.o(x$fpl$dflt)
    _dflt                                    0x0800715f   Thumb Code    46  dflt_clz.o(x$fpl$dflt)
    __aeabi_dmul                             0x0800718d   Thumb Code     0  dmul.o(x$fpl$dmul)
    _dmul                                    0x0800718d   Thumb Code   332  dmul.o(x$fpl$dmul)
    __fpl_dnaninf                            0x080072e1   Thumb Code   156  dnaninf.o(x$fpl$dnaninf)
    __fpl_dretinf                            0x0800737d   Thumb Code    12  dretinf.o(x$fpl$dretinf)
    __aeabi_dsub                             0x08007389   Thumb Code     0  daddsub_clz.o(x$fpl$dsub)
    _dsub                                    0x08007389   Thumb Code   464  daddsub_clz.o(x$fpl$dsub)
    _fp_init                                 0x0800755d   Thumb Code    10  fpinit.o(x$fpl$fpinit)
    __fplib_config_fpu_vfp                   0x08007565   Thumb Code     0  fpinit.o(x$fpl$fpinit)
    __fplib_config_pureend_doubles           0x08007565   Thumb Code     0  fpinit.o(x$fpl$fpinit)
    __fpl_fretinf                            0x08007567   Thumb Code    10  fretinf.o(x$fpl$fretinf)
    FMC_DefaultTimingStruct                  0x08007570   Data          28  stm32f4xx_fmc.o(.constdata)
    __I$use$fp                               0x08007570   Number         0  usenofp.o(x$fpl$usenofp)
    TM_Font7x10                              0x0800758c   Data        1900  tm_stm32f4_fonts.o(.constdata)
    TM_Font11x18                             0x08007cf8   Data        3420  tm_stm32f4_fonts.o(.constdata)
    Region$$Table$$Base                      0x08008a68   Number         0  anon$$obj.o(Region$$Table)
    Region$$Table$$Limit                     0x08008a88   Number         0  anon$$obj.o(Region$$Table)
    TM_DELAY_Initialized                     0x20000010   Data           1  tm_stm32f4_delay.o(.data)
    TM_Time                                  0x20000014   Data           4  tm_stm32f4_delay.o(.data)
    TM_Time2                                 0x20000018   Data           4  tm_stm32f4_delay.o(.data)
    mult                                     0x2000001c   Data           4  tm_stm32f4_delay.o(.data)
    TM_L3GD20_INT_Scale                      0x20000021   Data           1  tm_stm32f4_l3gd20.o(.data)
    ILI9341_x                                0x20000022   Data           2  tm_stm32f4_ili9341_ltdc.o(.data)
    ILI9341_y                                0x20000024   Data           2  tm_stm32f4_ili9341_ltdc.o(.data)
    TM_Font_7x10                             0x20000028   Data           8  tm_stm32f4_fonts.o(.data)
    TM_Font_11x18                            0x20000030   Data           8  tm_stm32f4_fonts.o(.data)
    SystemCoreClock                          0x2000004c   Data           4  system_stm32f4xx.o(.data)
    AHBPrescTable                            0x20000050   Data          16  system_stm32f4xx.o(.data)
    ILI9341_Opts                             0x20000078   Data          16  tm_stm32f4_ili9341_ltdc.o(.bss)
    DIS                                      0x200000c8   Data          28  tm_stm32f4_dma2d_graphic.o(.bss)
    __libspace_start                         0x20008cd0   Data          96  libspace.o(.bss)
    __temporary_stack_top$libspace           0x20008d30   Data           0  libspace.o(.bss)



==============================================================================

Memory Map of the image

  Image Entry point : 0x080001ad

  Load Region LR_IROM1 (Base: 0x08000000, Size: 0x00008ae8, Max: 0x00200000, ABSOLUTE)

    Execution Region ER_IROM1 (Exec base: 0x08000000, Load base: 0x08000000, Size: 0x00008a88, Max: 0x00200000, ABSOLUTE)

    Exec Addr    Load Addr    Size         Type   Attr      Idx    E Section Name        Object

    0x08000000   0x08000000   0x000001ac   Data   RO            3    RESET               startup_stm32f429_439xx.o
    0x080001ac   0x080001ac   0x00000008   Code   RO          193  * !!!main             c_w.l(__main.o)
    0x080001b4   0x080001b4   0x00000034   Code   RO          362    !!!scatter          c_w.l(__scatter.o)
    0x080001e8   0x080001e8   0x0000001a   Code   RO          363    !!handler_copy      c_w.l(__scatter_copy.o)
    0x08000202   0x08000202   0x00000002   PAD
    0x08000204   0x08000204   0x0000001c   Code   RO          364    !!handler_zi        c_w.l(__scatter_zi.o)
    0x08000220   0x08000220   0x00000000   Code   RO          190    .ARM.Collect$$_printf_percent$$00000000  c_w.l(_printf_percent.o)
    0x08000220   0x08000220   0x00000006   Code   RO          189    .ARM.Collect$$_printf_percent$$00000009  c_w.l(_printf_d.o)
    0x08000226   0x08000226   0x00000004   Code   RO          222    .ARM.Collect$$_printf_percent$$00000017  c_w.l(_printf_percent_end.o)
    0x0800022a   0x0800022a   0x00000002   Code   RO          317    .ARM.Collect$$libinit$$00000000  c_w.l(libinit.o)
    0x0800022c   0x0800022c   0x00000004   Code   RO          225    .ARM.Collect$$libinit$$00000001  c_w.l(libinit2.o)
    0x08000230   0x08000230   0x00000000   Code   RO          228    .ARM.Collect$$libinit$$00000004  c_w.l(libinit2.o)
    0x08000230   0x08000230   0x00000008   Code   RO          229    .ARM.Collect$$libinit$$00000005  c_w.l(libinit2.o)
    0x08000238   0x08000238   0x00000000   Code   RO          231    .ARM.Collect$$libinit$$0000000A  c_w.l(libinit2.o)
    0x08000238   0x08000238   0x00000000   Code   RO          233    .ARM.Collect$$libinit$$0000000C  c_w.l(libinit2.o)
    0x08000238   0x08000238   0x00000000   Code   RO          235    .ARM.Collect$$libinit$$0000000E  c_w.l(libinit2.o)
    0x08000238   0x08000238   0x00000000   Code   RO          238    .ARM.Collect$$libinit$$00000011  c_w.l(libinit2.o)
    0x08000238   0x08000238   0x00000000   Code   RO          240    .ARM.Collect$$libinit$$00000013  c_w.l(libinit2.o)
    0x08000238   0x08000238   0x00000000   Code   RO          242    .ARM.Collect$$libinit$$00000015  c_w.l(libinit2.o)
    0x08000238   0x08000238   0x00000000   Code   RO          244    .ARM.Collect$$libinit$$00000017  c_w.l(libinit2.o)
    0x08000238   0x08000238   0x00000000   Code   RO          246    .ARM.Collect$$libinit$$00000019  c_w.l(libinit2.o)
    0x08000238   0x08000238   0x00000000   Code   RO          248    .ARM.Collect$$libinit$$0000001B  c_w.l(libinit2.o)
    0x08000238   0x08000238   0x00000000   Code   RO          250    .ARM.Collect$$libinit$$0000001D  c_w.l(libinit2.o)
    0x08000238   0x08000238   0x00000000   Code   RO          252    .ARM.Collect$$libinit$$0000001F  c_w.l(libinit2.o)
    0x08000238   0x08000238   0x00000000   Code   RO          254    .ARM.Collect$$libinit$$00000021  c_w.l(libinit2.o)
    0x08000238   0x08000238   0x00000000   Code   RO          256    .ARM.Collect$$libinit$$00000023  c_w.l(libinit2.o)
    0x08000238   0x08000238   0x00000000   Code   RO          258    .ARM.Collect$$libinit$$00000025  c_w.l(libinit2.o)
    0x08000238   0x08000238   0x00000000   Code   RO          262    .ARM.Collect$$libinit$$0000002C  c_w.l(libinit2.o)
    0x08000238   0x08000238   0x00000000   Code   RO          264    .ARM.Collect$$libinit$$0000002E  c_w.l(libinit2.o)
    0x08000238   0x08000238   0x00000000   Code   RO          266    .ARM.Collect$$libinit$$00000030  c_w.l(libinit2.o)
    0x08000238   0x08000238   0x00000000   Code   RO          268    .ARM.Collect$$libinit$$00000032  c_w.l(libinit2.o)
    0x08000238   0x08000238   0x00000002   Code   RO          269    .ARM.Collect$$libinit$$00000033  c_w.l(libinit2.o)
    0x0800023a   0x0800023a   0x00000002   Code   RO          359    .ARM.Collect$$libshutdown$$00000000  c_w.l(libshutdown.o)
    0x0800023c   0x0800023c   0x00000000   Code   RO          326    .ARM.Collect$$libshutdown$$00000002  c_w.l(libshutdown2.o)
    0x0800023c   0x0800023c   0x00000000   Code   RO          328    .ARM.Collect$$libshutdown$$00000004  c_w.l(libshutdown2.o)
    0x0800023c   0x0800023c   0x00000000   Code   RO          331    .ARM.Collect$$libshutdown$$00000007  c_w.l(libshutdown2.o)
    0x0800023c   0x0800023c   0x00000000   Code   RO          334    .ARM.Collect$$libshutdown$$0000000A  c_w.l(libshutdown2.o)
    0x0800023c   0x0800023c   0x00000000   Code   RO          336    .ARM.Collect$$libshutdown$$0000000C  c_w.l(libshutdown2.o)
    0x0800023c   0x0800023c   0x00000000   Code   RO          339    .ARM.Collect$$libshutdown$$0000000F  c_w.l(libshutdown2.o)
    0x0800023c   0x0800023c   0x00000002   Code   RO          340    .ARM.Collect$$libshutdown$$00000010  c_w.l(libshutdown2.o)
    0x0800023e   0x0800023e   0x00000000   Code   RO          205    .ARM.Collect$$rtentry$$00000000  c_w.l(__rtentry.o)
    0x0800023e   0x0800023e   0x00000000   Code   RO          278    .ARM.Collect$$rtentry$$00000002  c_w.l(__rtentry2.o)
    0x0800023e   0x0800023e   0x00000006   Code   RO          290    .ARM.Collect$$rtentry$$00000004  c_w.l(__rtentry4.o)
    0x08000244   0x08000244   0x00000000   Code   RO          280    .ARM.Collect$$rtentry$$00000009  c_w.l(__rtentry2.o)
    0x08000244   0x08000244   0x00000004   Code   RO          281    .ARM.Collect$$rtentry$$0000000A  c_w.l(__rtentry2.o)
    0x08000248   0x08000248   0x00000000   Code   RO          283    .ARM.Collect$$rtentry$$0000000C  c_w.l(__rtentry2.o)
    0x08000248   0x08000248   0x00000008   Code   RO          284    .ARM.Collect$$rtentry$$0000000D  c_w.l(__rtentry2.o)
    0x08000250   0x08000250   0x00000002   Code   RO          319    .ARM.Collect$$rtexit$$00000000  c_w.l(rtexit.o)
    0x08000252   0x08000252   0x00000000   Code   RO          343    .ARM.Collect$$rtexit$$00000002  c_w.l(rtexit2.o)
    0x08000252   0x08000252   0x00000004   Code   RO          344    .ARM.Collect$$rtexit$$00000003  c_w.l(rtexit2.o)
    0x08000256   0x08000256   0x00000006   Code   RO          345    .ARM.Collect$$rtexit$$00000004  c_w.l(rtexit2.o)
    0x0800025c   0x0800025c   0x00000000   Code   RO          293    .emb_text           c_w.l(maybetermalloc1.o)
    0x0800025c   0x0800025c   0x00000040   Code   RO            4    .text               startup_stm32f429_439xx.o
    0x0800029c   0x0800029c   0x000000b0   Code   RO            8    .text               misc.o
    0x0800034c   0x0800034c   0x00000488   Code   RO           12    .text               stm32f4xx_rcc.o
    0x080007d4   0x080007d4   0x0000032c   Code   RO           21    .text               stm32f4xx_spi.o
    0x08000b00   0x08000b00   0x0000046c   Code   RO           25    .text               stm32f4xx_ltdc.o
    0x08000f6c   0x08000f6c   0x00000760   Code   RO           29    .text               stm32f4xx_fmc.o
    0x080016cc   0x080016cc   0x000002b4   Code   RO           34    .text               stm32f4xx_dma2d.o
    0x08001980   0x08001980   0x00000360   Code   RO           46    .text               stm32f4xx_i2c.o
    0x08001ce0   0x08001ce0   0x00000180   Code   RO           50    .text               tm_stm32f4_delay.o
    0x08001e60   0x08001e60   0x00000084   Code   RO           57    .text               tm_stm32f4_disco.o
    0x08001ee4   0x08001ee4   0x000001b8   Code   RO           62    .text               tm_stm32f4_l3gd20.o
    0x0800209c   0x0800209c   0x00000640   Code   RO           67    .text               tm_stm32f4_spi.o
    0x080026dc   0x080026dc   0x00000f36   Code   RO           71    .text               tm_stm32f4_ili9341_ltdc.o
    0x08003612   0x08003612   0x00000002   PAD
    0x08003614   0x08003614   0x00000210   Code   RO           87    .text               tm_stm32f4_sdram.o
    0x08003824   0x08003824   0x0000029c   Code   RO           92    .text               tm_stm32f4_gpio.o
    0x08003ac0   0x08003ac0   0x00000e0c   Code   RO           97    .text               tm_stm32f4_dma2d_graphic.o
    0x080048cc   0x080048cc   0x00000048   Code   RO          102    .text               tm_stm32f4_rng.o
    0x08004914   0x08004914   0x00000320   Code   RO          106    .text               tm_stm32f4_stmpe811.o
    0x08004c34   0x08004c34   0x00000466   Code   RO          110    .text               tm_stm32f4_i2c.o
    0x0800509a   0x0800509a   0x00000002   PAD
    0x0800509c   0x0800509c   0x000001f4   Code   RO          121    .text               tm_stm32f4_dma.o
    0x08005290   0x08005290   0x00001560   Code   RO          126    .text               main.o
    0x080067f0   0x080067f0   0x0000001a   Code   RO          131    .text               stm32f4xx_it.o
    0x0800680a   0x0800680a   0x00000002   PAD
    0x0800680c   0x0800680c   0x0000019c   Code   RO          135    .text               system_stm32f4xx.o
    0x080069a8   0x080069a8   0x0000005e   Code   RO          141    .text               c_w.l(h1_alloc.o)
    0x08006a06   0x08006a06   0x0000004e   Code   RO          142    .text               c_w.l(h1_free.o)
    0x08006a54   0x08006a54   0x00000028   Code   RO          172    .text               c_w.l(noretval__2sprintf.o)
    0x08006a7c   0x08006a7c   0x0000004e   Code   RO          174    .text               c_w.l(_printf_pad.o)
    0x08006aca   0x08006aca   0x00000002   PAD
    0x08006acc   0x08006acc   0x00000078   Code   RO          175    .text               c_w.l(_printf_dec.o)
    0x08006b44   0x08006b44   0x0000010e   Code   RO          181    .text               c_w.l(__printf_wp.o)
    0x08006c52   0x08006c52   0x00000006   Code   RO          192    .text               c_w.l(heapauxi.o)
    0x08006c58   0x08006c58   0x00000008   Code   RO          208    .text               c_w.l(rt_heap_descriptor_intlibspace.o)
    0x08006c60   0x08006c60   0x00000004   Code   RO          209    .text               c_w.l(hguard.o)
    0x08006c64   0x08006c64   0x0000008a   Code   RO          210    .text               c_w.l(init_alloc.o)
    0x08006cee   0x08006cee   0x0000000e   Code   RO          212    .text               c_w.l(h1_init.o)
    0x08006cfc   0x08006cfc   0x000000b2   Code   RO          219    .text               c_w.l(_printf_intcommon.o)
    0x08006dae   0x08006dae   0x00000002   PAD
    0x08006db0   0x08006db0   0x00000030   Code   RO          220    .text               c_w.l(_printf_char_common.o)
    0x08006de0   0x08006de0   0x0000000a   Code   RO          221    .text               c_w.l(_sputc.o)
    0x08006dea   0x08006dea   0x00000002   PAD
    0x08006dec   0x08006dec   0x00000008   Code   RO          275    .text               c_w.l(libspace.o)
    0x08006df4   0x08006df4   0x00000034   Code   RO          295    .text               c_w.l(h1_extend.o)
    0x08006e28   0x08006e28   0x0000000e   Code   RO          298    .text               c_w.l(defsig_rtmem_outer.o)
    0x08006e36   0x08006e36   0x00000002   Code   RO          304    .text               c_w.l(use_no_semi.o)
    0x08006e38   0x08006e38   0x00000000   Code   RO          305    .text               c_w.l(indicate_semi.o)
    0x08006e38   0x08006e38   0x0000004a   Code   RO          306    .text               c_w.l(sys_stackheap_outer.o)
    0x08006e82   0x08006e82   0x00000012   Code   RO          309    .text               c_w.l(exit.o)
    0x08006e94   0x08006e94   0x0000000a   Code   RO          310    .text               c_w.l(defsig_exit.o)
    0x08006e9e   0x08006e9e   0x00000002   PAD
    0x08006ea0   0x08006ea0   0x00000050   Code   RO          311    .text               c_w.l(defsig_rtmem_inner.o)
    0x08006ef0   0x08006ef0   0x0000000c   Code   RO          318    .text               c_w.l(sys_exit.o)
    0x08006efc   0x08006efc   0x00000032   Code   RO          324    .text               c_w.l(defsig_general.o)
    0x08006f2e   0x08006f2e   0x0000000e   Code   RO          341    .text               c_w.l(sys_wrch.o)
    0x08006f3c   0x08006f3c   0x0000000e   Code   RO          183    i._is_digit         c_w.l(__printf_wp.o)
    0x08006f4a   0x08006f4a   0x00000002   PAD
    0x08006f4c   0x08006f4c   0x00000062   Code   RO          194    x$fpl$d2f           fz_wm.l(d2f.o)
    0x08006fae   0x08006fae   0x00000002   PAD
    0x08006fb0   0x08006fb0   0x00000150   Code   RO          195    x$fpl$dadd          fz_wm.l(daddsub_clz.o)
    0x08007100   0x08007100   0x0000005e   Code   RO          198    x$fpl$dfix          fz_wm.l(dfix.o)
    0x0800715e   0x0800715e   0x0000002e   Code   RO          201    x$fpl$dflt          fz_wm.l(dflt_clz.o)
    0x0800718c   0x0800718c   0x00000154   Code   RO          203    x$fpl$dmul          fz_wm.l(dmul.o)
    0x080072e0   0x080072e0   0x0000009c   Code   RO          270    x$fpl$dnaninf       fz_wm.l(dnaninf.o)
    0x0800737c   0x0800737c   0x0000000c   Code   RO          271    x$fpl$dretinf       fz_wm.l(dretinf.o)
    0x08007388   0x08007388   0x000001d4   Code   RO          197    x$fpl$dsub          fz_wm.l(daddsub_clz.o)
    0x0800755c   0x0800755c   0x0000000a   Code   RO          303    x$fpl$fpinit        fz_wm.l(fpinit.o)
    0x08007566   0x08007566   0x0000000a   Code   RO          272    x$fpl$fretinf       fz_wm.l(fretinf.o)
    0x08007570   0x08007570   0x00000000   Code   RO          273    x$fpl$usenofp       fz_wm.l(usenofp.o)
    0x08007570   0x08007570   0x0000001c   Data   RO           30    .constdata          stm32f4xx_fmc.o
    0x0800758c   0x0800758c   0x0000076c   Data   RO           78    .constdata          tm_stm32f4_fonts.o
    0x08007cf8   0x08007cf8   0x00000d5c   Data   RO           79    .constdata          tm_stm32f4_fonts.o
    0x08008a54   0x08008a54   0x00000014   Data   RO          122    .constdata          tm_stm32f4_dma.o
    0x08008a68   0x08008a68   0x00000020   Data   RO          360    Region$$Table       anon$$obj.o


    Execution Region RW_IRAM1 (Exec base: 0x20000000, Load base: 0x08008a88, Size: 0x00009330, Max: 0x00030000, ABSOLUTE)

    Exec Addr    Load Addr    Size         Type   Attr      Idx    E Section Name        Object

    0x20000000   0x08008a88   0x00000010   Data   RW           13    .data               stm32f4xx_rcc.o
    0x20000010   0x08008a98   0x00000010   Data   RW           53    .data               tm_stm32f4_delay.o
    0x20000020   0x08008aa8   0x00000001   Data   RW           58    .data               tm_stm32f4_disco.o
    0x20000021   0x08008aa9   0x00000001   Data   RW           63    .data               tm_stm32f4_l3gd20.o
    0x20000022   0x08008aaa   0x00000004   Data   RW           73    .data               tm_stm32f4_ili9341_ltdc.o
    0x20000026   0x08008aae   0x00000002   PAD
    0x20000028   0x08008ab0   0x00000008   Data   RW           81    .data               tm_stm32f4_fonts.o
    0x20000030   0x08008ab8   0x00000008   Data   RW           82    .data               tm_stm32f4_fonts.o
    0x20000038   0x08008ac0   0x00000001   Data   RW           88    .data               tm_stm32f4_sdram.o
    0x20000039   0x08008ac1   0x00000003   PAD
    0x2000003c   0x08008ac4   0x00000010   Data   RW          111    .data               tm_stm32f4_i2c.o
    0x2000004c   0x08008ad4   0x00000014   Data   RW          136    .data               system_stm32f4xx.o
    0x20000060        -       0x00000018   Zero   RW           51    .bss                tm_stm32f4_delay.o
    0x20000078        -       0x00000010   Zero   RW           72    .bss                tm_stm32f4_ili9341_ltdc.o
    0x20000088        -       0x00000016   Zero   RW           93    .bss                tm_stm32f4_gpio.o
    0x2000009e   0x08008ae8   0x00000002   PAD
    0x200000a0        -       0x00000044   Zero   RW           98    .bss                tm_stm32f4_dma2d_graphic.o
    0x200000e4        -       0x00008bec   Zero   RW          127    .bss                main.o
    0x20008cd0        -       0x00000060   Zero   RW          276    .bss                c_w.l(libspace.o)
    0x20008d30        -       0x00000200   Zero   RW            2    HEAP                startup_stm32f429_439xx.o
    0x20008f30        -       0x00000400   Zero   RW            1    STACK               startup_stm32f429_439xx.o


==============================================================================

Image component sizes


      Code (inc. data)   RO Data    RW Data    ZI Data      Debug   Object Name

      5472        354          0          0      35820          0   main.o
       176         12          0          0          0          0   misc.o
        64         26        428          0       1536          0   startup_stm32f429_439xx.o
       692         12          0          0          0          0   stm32f4xx_dma2d.o
      1888         34         28          0          0          0   stm32f4xx_fmc.o
       864         20          0          0          0          0   stm32f4xx_i2c.o
        26          0          0          0          0          0   stm32f4xx_it.o
      1132         18          0          0          0          0   stm32f4xx_ltdc.o
      1160         52          0         16          0          0   stm32f4xx_rcc.o
       812         36          0          0          0          0   stm32f4xx_spi.o
       412         40          0         20          0          0   system_stm32f4xx.o
       384         20          0         16         24          0   tm_stm32f4_delay.o
       132         14          0          1          0          0   tm_stm32f4_disco.o
       500         16         20          0          0          0   tm_stm32f4_dma.o
      3596         28          0          0         68          0   tm_stm32f4_dma2d_graphic.o
         0          0       5320         16          0          0   tm_stm32f4_fonts.o
       668         14          0          0         22          0   tm_stm32f4_gpio.o
      1126         44          0         16          0          0   tm_stm32f4_i2c.o
      3894         80          0          4         16          0   tm_stm32f4_ili9341_ltdc.o
       440         26          0          1          0          0   tm_stm32f4_l3gd20.o
        72         10          0          0          0          0   tm_stm32f4_rng.o
       528         36          0          1          0          0   tm_stm32f4_sdram.o
      1600         78          0          0          0          0   tm_stm32f4_spi.o
       800         14          0          0          0          0   tm_stm32f4_stmpe811.o

    ----------------------------------------------------------------------
     26444        984       5828         96      37488          0   Object Totals
         0          0         32          0          0          0   (incl. Generated)
         6          0          0          5          2          0   (incl. Padding)

    ----------------------------------------------------------------------

      Code (inc. data)   RO Data    RW Data    ZI Data      Debug   Library Member Name

         8          0          0          0          0          0   __main.o
       284          0          0          0          0          0   __printf_wp.o
         0          0          0          0          0          0   __rtentry.o
        12          0          0          0          0          0   __rtentry2.o
         6          0          0          0          0          0   __rtentry4.o
        52          8          0          0          0          0   __scatter.o
        26          0          0          0          0          0   __scatter_copy.o
        28          0          0          0          0          0   __scatter_zi.o
        48          6          0          0          0          0   _printf_char_common.o
         6          0          0          0          0          0   _printf_d.o
       120         16          0          0          0          0   _printf_dec.o
       178          0          0          0          0          0   _printf_intcommon.o
        78          0          0          0          0          0   _printf_pad.o
         0          0          0          0          0          0   _printf_percent.o
         4          0          0          0          0          0   _printf_percent_end.o
        10          0          0          0          0          0   _sputc.o
        10          0          0          0          0          0   defsig_exit.o
        50          0          0          0          0          0   defsig_general.o
        80         58          0          0          0          0   defsig_rtmem_inner.o
        14          0          0          0          0          0   defsig_rtmem_outer.o
        18          0          0          0          0          0   exit.o
        94          0          0          0          0          0   h1_alloc.o
        52          0          0          0          0          0   h1_extend.o
        78          0          0          0          0          0   h1_free.o
        14          0          0          0          0          0   h1_init.o
         6          0          0          0          0          0   heapauxi.o
         4          0          0          0          0          0   hguard.o
         0          0          0          0          0          0   indicate_semi.o
       138          0          0          0          0          0   init_alloc.o
         2          0          0          0          0          0   libinit.o
        14          0          0          0          0          0   libinit2.o
         2          0          0          0          0          0   libshutdown.o
         2          0          0          0          0          0   libshutdown2.o
         8          4          0          0         96          0   libspace.o
         0          0          0          0          0          0   maybetermalloc1.o
        40          6          0          0          0          0   noretval__2sprintf.o
         8          4          0          0          0          0   rt_heap_descriptor_intlibspace.o
         2          0          0          0          0          0   rtexit.o
        10          0          0          0          0          0   rtexit2.o
        12          4          0          0          0          0   sys_exit.o
        74          0          0          0          0          0   sys_stackheap_outer.o
        14          0          0          0          0          0   sys_wrch.o
         2          0          0          0          0          0   use_no_semi.o
        98          4          0          0          0          0   d2f.o
       804         16          0          0          0          0   daddsub_clz.o
        94          4          0          0          0          0   dfix.o
        46          0          0          0          0          0   dflt_clz.o
       340         12          0          0          0          0   dmul.o
       156          4          0          0          0          0   dnaninf.o
        12          0          0          0          0          0   dretinf.o
        10          0          0          0          0          0   fpinit.o
        10          0          0          0          0          0   fretinf.o
         0          0          0          0          0          0   usenofp.o

    ----------------------------------------------------------------------
      3192        146          0          0         96          0   Library Totals
        14          0          0          0          0          0   (incl. Padding)

    ----------------------------------------------------------------------

      Code (inc. data)   RO Data    RW Data    ZI Data      Debug   Library Name

      1608        106          0          0         96          0   c_w.l
      1570         40          0          0          0          0   fz_wm.l

    ----------------------------------------------------------------------
      3192        146          0          0         96          0   Library Totals

    ----------------------------------------------------------------------

==============================================================================


      Code (inc. data)   RO Data    RW Data    ZI Data      Debug   

     29636       1130       5828         96      37584          0   Grand Totals
     29636       1130       5828         96      37584          0   ELF Image Totals
     29636       1130       5828         96          0          0   ROM Totals

==============================================================================

    Total RO  Size (Code + RO Data)                35464 (  34.63kB)
    Total RW  Size (RW Data + ZI Data)             37680 (  36.80kB)
    Total ROM Size (Code + RO Data + RW Data)      35560 (  34.73kB)

==============================================================================

